D:\nxp\MCUXpressoIDE_25.6.136\workspace\frdmmcxn947_led_blinky_peripheral_cm33_core0\CMSIS/core_cm33.h:2555:22:__NVIC_SetPriority	16	static
D:\nxp\MCUXpressoIDE_25.6.136\workspace\frdmmcxn947_led_blinky_peripheral_cm33_core0\CMSIS/core_cm33.h:3108:26:SysTick_Config	16	static
D:\nxp\MCUXpressoIDE_25.6.136\workspace\frdmmcxn947_led_blinky_peripheral_cm33_core0\drivers/fsl_clock.h:1492:20:CLOCK_EnableClock	24	static
D:\nxp\MCUXpressoIDE_25.6.136\workspace\frdmmcxn947_led_blinky_peripheral_cm33_core0\drivers/fsl_gpio.h:345:20:GPIO_PinWrite	24	static
../board/hardware_init.c:15:6:BOARD_InitHardware	8	static
