Archive member included to satisfy reference by file (symbol)

D:/nxp/MCUXpressoIDE_25.6.136/ide/plugins/com.nxp.mcuxpresso.tools.win32_25.6.0.202501151204/tools/bin/../lib/gcc/arm-none-eabi/14.2.1/../../../../arm-none-eabi/lib/thumb/v8-m.main+fp/hard\libcr_nohost_nf.a(_cr__main.o)
                              ./startup/startup_mcxn947_cm33_core0.o (__main)
D:/nxp/MCUXpressoIDE_25.6.136/ide/plugins/com.nxp.mcuxpresso.tools.win32_25.6.0.202501151204/tools/bin/../lib/gcc/arm-none-eabi/14.2.1/../../../../arm-none-eabi/lib/thumb/v8-m.main+fp/hard\libcr_c.a(memset.o)
                              ./drivers/fsl_lpuart.o (memset)
D:/nxp/MCUXpressoIDE_25.6.136/ide/plugins/com.nxp.mcuxpresso.tools.win32_25.6.0.202501151204/tools/bin/../lib/gcc/arm-none-eabi/14.2.1/../../../../arm-none-eabi/lib/thumb/v8-m.main+fp/hard\libcr_c.a(alloc.o)
                              ./drivers/fsl_common.o (malloc)
D:/nxp/MCUXpressoIDE_25.6.136/ide/plugins/com.nxp.mcuxpresso.tools.win32_25.6.0.202501151204/tools/bin/../lib/gcc/arm-none-eabi/14.2.1/../../../../arm-none-eabi/lib/thumb/v8-m.main+fp/hard\libcr_c.a(errno.o)
                              ./utilities/str/fsl_str.o (errno)
D:/nxp/MCUXpressoIDE_25.6.136/ide/plugins/com.nxp.mcuxpresso.tools.win32_25.6.0.202501151204/tools/bin/../lib/gcc/arm-none-eabi/14.2.1/../../../../arm-none-eabi/lib/thumb/v8-m.main+fp/hard\libcr_c.a(initio.o)
                              D:/nxp/MCUXpressoIDE_25.6.136/ide/plugins/com.nxp.mcuxpresso.tools.win32_25.6.0.202501151204/tools/bin/../lib/gcc/arm-none-eabi/14.2.1/../../../../arm-none-eabi/lib/thumb/v8-m.main+fp/hard\libcr_nohost_nf.a(_cr__main.o) (_initio)
D:/nxp/MCUXpressoIDE_25.6.136/ide/plugins/com.nxp.mcuxpresso.tools.win32_25.6.0.202501151204/tools/bin/../lib/gcc/arm-none-eabi/14.2.1/../../../../arm-none-eabi/lib/thumb/v8-m.main+fp/hard\libcr_c.a(scanf.o)
                              ./utilities/str/fsl_str.o (strtoul)
D:/nxp/MCUXpressoIDE_25.6.136/ide/plugins/com.nxp.mcuxpresso.tools.win32_25.6.0.202501151204/tools/bin/../lib/gcc/arm-none-eabi/14.2.1/../../../../arm-none-eabi/lib/thumb/v8-m.main+fp/hard\libcr_c.a(setvbuf.o)
                              D:/nxp/MCUXpressoIDE_25.6.136/ide/plugins/com.nxp.mcuxpresso.tools.win32_25.6.0.202501151204/tools/bin/../lib/gcc/arm-none-eabi/14.2.1/../../../../arm-none-eabi/lib/thumb/v8-m.main+fp/hard\libcr_c.a(initio.o) (setvbuf)
D:/nxp/MCUXpressoIDE_25.6.136/ide/plugins/com.nxp.mcuxpresso.tools.win32_25.6.0.202501151204/tools/bin/../lib/gcc/arm-none-eabi/14.2.1/../../../../arm-none-eabi/lib/thumb/v8-m.main+fp/hard\libcr_c.a(strlen.o)
                              ./utilities/str/fsl_str.o (strlen)
D:/nxp/MCUXpressoIDE_25.6.136/ide/plugins/com.nxp.mcuxpresso.tools.win32_25.6.0.202501151204/tools/bin/../lib/gcc/arm-none-eabi/14.2.1/../../../../arm-none-eabi/lib/thumb/v8-m.main+fp/hard\libcr_c.a(ungetc.o)
                              D:/nxp/MCUXpressoIDE_25.6.136/ide/plugins/com.nxp.mcuxpresso.tools.win32_25.6.0.202501151204/tools/bin/../lib/gcc/arm-none-eabi/14.2.1/../../../../arm-none-eabi/lib/thumb/v8-m.main+fp/hard\libcr_c.a(scanf.o) (ungetc)
D:/nxp/MCUXpressoIDE_25.6.136/ide/plugins/com.nxp.mcuxpresso.tools.win32_25.6.0.202501151204/tools/bin/../lib/gcc/arm-none-eabi/14.2.1/../../../../arm-none-eabi/lib/thumb/v8-m.main+fp/hard\libcr_c.a(__fillbuf.o)
                              D:/nxp/MCUXpressoIDE_25.6.136/ide/plugins/com.nxp.mcuxpresso.tools.win32_25.6.0.202501151204/tools/bin/../lib/gcc/arm-none-eabi/14.2.1/../../../../arm-none-eabi/lib/thumb/v8-m.main+fp/hard\libcr_c.a(scanf.o) (__filbuf)
D:/nxp/MCUXpressoIDE_25.6.136/ide/plugins/com.nxp.mcuxpresso.tools.win32_25.6.0.202501151204/tools/bin/../lib/gcc/arm-none-eabi/14.2.1/../../../../arm-none-eabi/lib/thumb/v8-m.main+fp/hard\libcr_c.a(__init_alloc.o)
                              D:/nxp/MCUXpressoIDE_25.6.136/ide/plugins/com.nxp.mcuxpresso.tools.win32_25.6.0.202501151204/tools/bin/../lib/gcc/arm-none-eabi/14.2.1/../../../../arm-none-eabi/lib/thumb/v8-m.main+fp/hard\libcr_c.a(alloc.o) (__heaps)
D:/nxp/MCUXpressoIDE_25.6.136/ide/plugins/com.nxp.mcuxpresso.tools.win32_25.6.0.202501151204/tools/bin/../lib/gcc/arm-none-eabi/14.2.1/../../../../arm-none-eabi/lib/thumb/v8-m.main+fp/hard\libcr_c.a(_cr_sbrk.o)
                              D:/nxp/MCUXpressoIDE_25.6.136/ide/plugins/com.nxp.mcuxpresso.tools.win32_25.6.0.202501151204/tools/bin/../lib/gcc/arm-none-eabi/14.2.1/../../../../arm-none-eabi/lib/thumb/v8-m.main+fp/hard\libcr_c.a(alloc.o) (_sbrk)
D:/nxp/MCUXpressoIDE_25.6.136/ide/plugins/com.nxp.mcuxpresso.tools.win32_25.6.0.202501151204/tools/bin/../lib/gcc/arm-none-eabi/14.2.1/../../../../arm-none-eabi/lib/thumb/v8-m.main+fp/hard\libcr_c.a(_deferredlazyseek.o)
                              D:/nxp/MCUXpressoIDE_25.6.136/ide/plugins/com.nxp.mcuxpresso.tools.win32_25.6.0.202501151204/tools/bin/../lib/gcc/arm-none-eabi/14.2.1/../../../../arm-none-eabi/lib/thumb/v8-m.main+fp/hard\libcr_c.a(__fillbuf.o) (_deferredlazyseek)
[...]
Memory Configuration

Name             Origin             Length             Attributes
PROGRAM_FLASH0   0x00000000         0x00100000         xr
PROGRAM_FLASH1   0x00100000         0x00100000         xr
SRAM             0x20000000         0x00060000         xrw
SRAMX            0x04000000         0x00018000         xrw
SRAMH            0x20060000         0x00008000         xrw
USB_RAM          0x400ba000         0x00001000         xrw
*default*        0x00000000         0xffffffff

Linker script and memory map

LOAD ./utilities/str/fsl_str.o
LOAD ./utilities/debug_console_lite/fsl_debug_console.o
LOAD ./utilities/fsl_assert.o
LOAD ./utilities/fsl_memcpy.o
LOAD ./startup/boot_multicore_slave.o
LOAD ./startup/startup_mcxn947_cm33_core0.o
LOAD ./source/led_blinky.o
LOAD ./source/peripherals.o
LOAD ./source/semihost_hardfault.o
LOAD ./drivers/fsl_clock.o
LOAD ./drivers/fsl_common.o
LOAD ./drivers/fsl_common_arm.o
LOAD ./drivers/fsl_gpio.o
LOAD ./drivers/fsl_lpflexcomm.o
LOAD ./drivers/fsl_lpuart.o
LOAD ./drivers/fsl_reset.o
LOAD ./drivers/fsl_spc.o
LOAD ./device/system_MCXN947_cm33_core0.o
LOAD ./component/uart/fsl_adapter_lpuart.o
LOAD ./board/board.o
LOAD ./board/clock_config.o
LOAD ./board/hardware_init.o
LOAD ./board/pin_mux.o
START GROUP
LOAD D:/nxp/MCUXpressoIDE_25.6.136/ide/plugins/com.nxp.mcuxpresso.tools.win32_25.6.0.202501151204/tools/bin/../lib/gcc/arm-none-eabi/14.2.1/../../../../arm-none-eabi/lib/thumb/v8-m.main+fp/hard\libcr_nohost_nf.a
LOAD D:/nxp/MCUXpressoIDE_25.6.136/ide/plugins/com.nxp.mcuxpresso.tools.win32_25.6.0.202501151204/tools/bin/../lib/gcc/arm-none-eabi/14.2.1/../../../../arm-none-eabi/lib/thumb/v8-m.main+fp/hard\libcr_c.a
LOAD D:/nxp/MCUXpressoIDE_25.6.136/ide/plugins/com.nxp.mcuxpresso.tools.win32_25.6.0.202501151204/tools/bin/../lib/gcc/arm-none-eabi/14.2.1/thumb/v8-m.main+fp/hard\libcr_eabihelpers.a
LOAD D:/nxp/MCUXpressoIDE_25.6.136/ide/plugins/com.nxp.mcuxpresso.tools.win32_25.6.0.202501151204/tools/bin/../lib/gcc/arm-none-eabi/14.2.1/thumb/v8-m.main+fp/hard\libgcc.a
END GROUP
                0x00000000                        __base_PROGRAM_FLASH0 = 0x0
                0x00000000                        __base_Flash = 0x0
                0x00100000                        __top_PROGRAM_FLASH0 = 0x100000
                0x00100000                        __top_Flash = 0x100000
                0x00100000                        __base_PROGRAM_FLASH1 = 0x100000
                0x00100000                        __base_Flash2 = 0x100000
                0x00200000                        __top_PROGRAM_FLASH1 = 0x200000
                0x00200000                        __top_Flash2 = 0x200000
                0x20000000                        __base_SRAM = 0x20000000
                0x20000000                        __base_RAM = 0x20000000
                0x20060000                        __top_SRAM = 0x20060000
                0x20060000                        __top_RAM = 0x20060000
                0x04000000                        __base_SRAMX = 0x4000000
                0x04000000                        __base_RAM2 = 0x4000000
                0x04018000                        __top_SRAMX = 0x4018000
                0x04018000                        __top_RAM2 = 0x4018000
                0x20060000                        __base_SRAMH = 0x20060000
                0x20060000                        __base_RAM3 = 0x20060000
                0x20068000                        __top_SRAMH = 0x20068000
                0x20068000                        __top_RAM3 = 0x20068000
                0x400ba000                        __base_USB_RAM = 0x400ba000
                0x400ba000                        __base_RAM4 = 0x400ba000
                0x400bb000                        __top_USB_RAM = 0x400bb000
                0x400bb000                        __top_RAM4 = 0x400bb000

.text_Flash2    0x00100000        0x0
 FILL mask 0xff
 *(SORT_BY_ALIGNMENT(.text_Flash2))
 *(SORT_BY_ALIGNMENT(.text_PROGRAM_FLASH1))
 *(SORT_BY_ALIGNMENT(.text.$Flash2))
 *(SORT_BY_ALIGNMENT(.text.$PROGRAM_FLASH1))
 *(SORT_BY_ALIGNMENT(.text_Flash2.*))
 *(SORT_BY_ALIGNMENT(.text_PROGRAM_FLASH1.*))
 *(SORT_BY_ALIGNMENT(.text.$Flash2.*))
 *(SORT_BY_ALIGNMENT(.text.$PROGRAM_FLASH1.*))
 *(SORT_BY_ALIGNMENT(.rodata.$Flash2))
 *(SORT_BY_ALIGNMENT(.rodata.$PROGRAM_FLASH1))
 *(SORT_BY_ALIGNMENT(.rodata.$Flash2.*))
 *(SORT_BY_ALIGNMENT(.rodata.$PROGRAM_FLASH1.*))

.text           0x00000000     0x207c
 FILL mask 0xff
                0x00000000                        __vectors_start__ = ABSOLUTE (.)
 *(SORT_BY_ALIGNMENT(.isr_vector))
 .isr_vector    0x00000000      0x2b0 ./startup/startup_mcxn947_cm33_core0.o
                0x00000000                g_pfnVectors
                0x00000000                __Vectors
                0x000002b0                        . = ALIGN (0x4)
                0x000002b0                        __section_table_start = .
                0x000002b0                        __data_section_table = .
                0x000002b0        0x4 LONG 0x207c LOADADDR (.data)
                0x000002b4        0x4 LONG 0x20000000 ADDR (.data)
                0x000002b8        0x4 LONG 0x4 SIZEOF (.data)
                0x000002bc        0x4 LONG 0x207c LOADADDR (.data_RAM2)
                0x000002c0        0x4 LONG 0x4000000 ADDR (.data_RAM2)
                0x000002c4        0x4 LONG 0x0 SIZEOF (.data_RAM2)
                0x000002c8        0x4 LONG 0x207c LOADADDR (.data_RAM3)
                0x000002cc        0x4 LONG 0x20060000 ADDR (.data_RAM3)
                0x000002d0        0x4 LONG 0x0 SIZEOF (.data_RAM3)
                0x000002d4        0x4 LONG 0x207c LOADADDR (.data_RAM4)
                0x000002d8        0x4 LONG 0x400ba000 ADDR (.data_RAM4)
                0x000002dc        0x4 LONG 0x0 SIZEOF (.data_RAM4)
                0x000002e0                        __data_section_table_end = .
                0x000002e0                        __bss_section_table = .
                0x000002e0        0x4 LONG 0x20000004 ADDR (.bss)
                0x000002e4        0x4 LONG 0x20c SIZEOF (.bss)
                0x000002e8        0x4 LONG 0x4000000 ADDR (.bss_RAM2)
                0x000002ec        0x4 LONG 0x0 SIZEOF (.bss_RAM2)
                0x000002f0        0x4 LONG 0x20060000 ADDR (.bss_RAM3)
                0x000002f4        0x4 LONG 0x0 SIZEOF (.bss_RAM3)
                0x000002f8        0x4 LONG 0x400ba000 ADDR (.bss_RAM4)
                0x000002fc        0x4 LONG 0x0 SIZEOF (.bss_RAM4)
                0x00000300                        __bss_section_table_end = .
                0x00000300                        __section_table_end = .
 *(SORT_BY_ALIGNMENT(.after_vectors*))
 .after_vectors.reset
                0x00000300       0x68 ./startup/startup_mcxn947_cm33_core0.o
                0x00000300                ResetISR
 .after_vectors.init_data
                0x00000368       0x1e ./startup/startup_mcxn947_cm33_core0.o
                0x00000368                data_init
 .after_vectors.init_bss
                0x00000386       0x12 ./startup/startup_mcxn947_cm33_core0.o
                0x00000386                bss_init
 .after_vectors
                0x00000398       0x16 ./startup/startup_mcxn947_cm33_core0.o
                0x00000398                NMI_Handler
                0x0000039c                MemManage_Handler
                0x0000039e                BusFault_Handler
                0x000003a0                UsageFault_Handler
                0x000003a2                SecureFault_Handler
                0x000003a4                SVC_Handler
                0x000003a6                DebugMon_Handler
                0x000003a8                PendSV_Handler
                0x000003ac                USB0_FS_DriverIRQHandler
                0x000003ac                PKC_ERR_DriverIRQHandler
                0x000003ac                QDC1_HOME_DriverIRQHandler
                0x000003ac                EDMA_0_CH5_DriverIRQHandler
                0x000003ac                EDMA_0_CH14_DriverIRQHandler
                0x000003ac                EDMA_1_CH0_DriverIRQHandler
                0x000003ac                I3C0_DriverIRQHandler
                0x000003ac                CMC0_DriverIRQHandler
                0x000003ac                EDMA_0_CH15_DriverIRQHandler
                0x000003ac                LPTMR0_DriverIRQHandler
                0x000003ac                EDMA_0_CH2_DriverIRQHandler
                0x000003ac                FLEXPWM1_SUBMODULE1_DriverIRQHandler
                0x000003ac                FLEXPWM0_SUBMODULE1_DriverIRQHandler
                0x000003ac                SCG_DriverIRQHandler
                0x000003ac                EDMA_1_CH13_DriverIRQHandler
                0x000003ac                EDMA_1_CH11_DriverIRQHandler
                0x000003ac                FLEXPWM0_RELOAD_ERROR_DriverIRQHandler
                0x000003ac                QDC0_HOME_DriverIRQHandler
                0x000003ac                Reserved167_DriverIRQHandler
                0x000003ac                EDMA_1_CH9_DriverIRQHandler
                0x000003ac                SEC_VIO_DriverIRQHandler
                0x000003ac                ERM_MULTI_BIT_ERROR_DriverIRQHandler
                0x000003ac                GPIO31_DriverIRQHandler
                0x000003ac                EWM0_DriverIRQHandler
                0x000003ac                PKC_DriverIRQHandler
                0x000003ac                EDMA_0_CH10_DriverIRQHandler
                0x000003ac                USB1_HS_PHY_DriverIRQHandler
                0x000003ac                QDC0_IDX_DriverIRQHandler
                0x000003ac                ELS_DriverIRQHandler
                0x000003ac                Reserved166_DriverIRQHandler
                0x000003ac                EDMA_1_CH2_DriverIRQHandler
                0x000003ac                ETHERNET_DriverIRQHandler
                0x000003ac                QDC1_IDX_DriverIRQHandler
                0x000003ac                EDMA_1_CH14_DriverIRQHandler
                0x000003ac                FLEXPWM1_SUBMODULE3_DriverIRQHandler
                0x000003ac                EDMA_1_CH7_DriverIRQHandler
                0x000003ac                EDMA_1_CH6_DriverIRQHandler
                0x000003ac                DAC1_DriverIRQHandler
                0x000003ac                CTIMER2_DriverIRQHandler
                0x000003ac                EMVSIM0_DriverIRQHandler
                0x000003ac                ITRC0_DriverIRQHandler
                0x000003ac                EDMA_0_CH9_DriverIRQHandler
                0x000003ac                ETB0_DriverIRQHandler
                0x000003ac                WWDT1_DriverIRQHandler
                0x000003ac                Reserved80_DriverIRQHandler
                0x000003ac                IntDefaultHandler
                0x000003ac                ELS_ERR_DriverIRQHandler
                0x000003ac                FLEXIO_DriverIRQHandler
                0x000003ac                DAC0_DriverIRQHandler
                0x000003ac                MRT0_DriverIRQHandler
                0x000003ac                UTICK0_DriverIRQHandler
                0x000003ac                FLEXPWM0_SUBMODULE2_DriverIRQHandler
                0x000003ac                GPIO01_DriverIRQHandler
                0x000003ac                EDMA_0_CH3_DriverIRQHandler
                0x000003ac                WWDT0_DriverIRQHandler
                0x000003ac                USDHC0_DriverIRQHandler
                0x000003ac                GPIO00_DriverIRQHandler
                0x000003ac                EDMA_0_CH4_DriverIRQHandler
                0x000003ac                GPIO11_DriverIRQHandler
                0x000003ac                CTIMER4_DriverIRQHandler
                0x000003ac                BSP32_DriverIRQHandler
                0x000003ac                FLEXPWM0_FAULT_DriverIRQHandler
                0x000003ac                EDMA_1_CH1_DriverIRQHandler
                0x000003ac                SAI1_DriverIRQHandler
                0x000003ac                ERM_SINGLE_BIT_ERROR_DriverIRQHandler
                0x000003ac                GPIO21_DriverIRQHandler
                0x000003ac                FLEXPWM1_FAULT_DriverIRQHandler
                0x000003ac                GPIO30_DriverIRQHandler
                0x000003ac                CTIMER0_DriverIRQHandler
                0x000003ac                CTIMER1_DriverIRQHandler
                0x000003ac                QDC0_COMPARE_DriverIRQHandler
                0x000003ac                PINT0_DriverIRQHandler
                0x000003ac                ADC1_DriverIRQHandler
                0x000003ac                PQ_DriverIRQHandler
                0x000003ac                ETHERNET_MACLP_DriverIRQHandler
                0x000003ac                USB0_DCD_DriverIRQHandler
                0x000003ac                EDMA_0_CH11_DriverIRQHandler
                0x000003ac                MAILBOX_DriverIRQHandler
                0x000003ac                WUU_DriverIRQHandler
                0x000003ac                EDMA_0_CH6_DriverIRQHandler
                0x000003ac                CTIMER3_DriverIRQHandler
                0x000003ac                FLEXPWM1_SUBMODULE0_DriverIRQHandler
                0x000003ac                CDOG1_DriverIRQHandler
                0x000003ac                TSI_OUT_OF_SCAN_DriverIRQHandler
                0x000003ac                EDMA_1_CH4_DriverIRQHandler
                0x000003ac                PUF_DriverIRQHandler
                0x000003ac                SPC_DriverIRQHandler
                0x000003ac                RTC_DriverIRQHandler
                0x000003ac                VBAT0_DriverIRQHandler
                0x000003ac                Reserved65_DriverIRQHandler
                0x000003ac                HSCMP2_DriverIRQHandler
                0x000003ac                EDMA_0_CH0_DriverIRQHandler
                0x000003ac                EDMA_1_CH5_DriverIRQHandler
                0x000003ac                PDM_EVENT_DriverIRQHandler
                0x000003ac                Freqme_DriverIRQHandler
                0x000003ac                ETHERNET_PMT_DriverIRQHandler
                0x000003ac                FLEXPWM1_RELOAD_ERROR_DriverIRQHandler
                0x000003ac                FMU0_DriverIRQHandler
                0x000003ac                QDC1_COMPARE_DriverIRQHandler
                0x000003ac                EDMA_0_CH8_DriverIRQHandler
                0x000003ac                LPTMR1_DriverIRQHandler
                0x000003ac                GPIO40_DriverIRQHandler
                0x000003ac                CTI0_DriverIRQHandler
                0x000003ac                EDMA_1_CH3_DriverIRQHandler
                0x000003ac                EDMA_1_CH15_DriverIRQHandler
                0x000003ac                FLEXPWM1_SUBMODULE2_DriverIRQHandler
                0x000003ac                GPIO20_DriverIRQHandler
                0x000003ac                QDC1_WDG_SAB_DriverIRQHandler
                0x000003ac                EDMA_1_CH8_DriverIRQHandler
                0x000003ac                GDET_DriverIRQHandler
                0x000003ac                PORT_EFT_DriverIRQHandler
                0x000003ac                Reserved85_DriverIRQHandler
                0x000003ac                Reserved81_DriverIRQHandler
                0x000003ac                TSI_END_OF_SCAN_DriverIRQHandler
                0x000003ac                FLEXPWM0_SUBMODULE3_DriverIRQHandler
                0x000003ac                ADC0_DriverIRQHandler
                0x000003ac                OR_DriverIRQHandler
                0x000003ac                EDMA_0_CH13_DriverIRQHandler
                0x000003ac                USB1_HS_DriverIRQHandler
                0x000003ac                EDMA_0_CH1_DriverIRQHandler
                0x000003ac                DAC2_DriverIRQHandler
                0x000003ac                GPIO51_DriverIRQHandler
                0x000003ac                HSCMP0_DriverIRQHandler
                0x000003ac                EDMA_0_CH12_DriverIRQHandler
                0x000003ac                QDC0_WDG_SAB_DriverIRQHandler
                0x000003ac                CDOG0_DriverIRQHandler
                0x000003ac                CAN0_DriverIRQHandler
                0x000003ac                SMARTDMA_DriverIRQHandler
                0x000003ac                SAI0_DriverIRQHandler
                0x000003ac                EMVSIM1_DriverIRQHandler
                0x000003ac                I3C1_DriverIRQHandler
                0x000003ac                EDMA_0_CH7_DriverIRQHandler
                0x000003ac                HSCMP1_DriverIRQHandler
                0x000003ac                EDMA_1_CH10_DriverIRQHandler
                0x000003ac                EDMA_1_CH12_DriverIRQHandler
                0x000003ac                FLEXSPI0_DriverIRQHandler
                0x000003ac                GPIO50_DriverIRQHandler
                0x000003ac                GPIO10_DriverIRQHandler
                0x000003ac                SCT0_DriverIRQHandler
                0x000003ac                CAN1_DriverIRQHandler
                0x000003ac                PLU_DriverIRQHandler
                0x000003ac                FLEXPWM0_SUBMODULE0_DriverIRQHandler
                0x000003ac                OS_EVENT_DriverIRQHandler
                0x000003ac                SINC_FILTER_DriverIRQHandler
                0x000003ac                NPU_DriverIRQHandler
                0x000003ac                GPIO41_DriverIRQHandler
                0x000003ac                SEC_HYPERVISOR_CALL_DriverIRQHandler
 *(SORT_BY_ALIGNMENT(.text*))
 *fill*         0x000003ae        0x2 ff
 .text.DbgConsole_Vprintf
                0x000003b0       0x3c ./utilities/debug_console_lite/fsl_debug_console.o
                0x000003b0                DbgConsole_Vprintf
 .text.DbgConsole_Putchar
                0x000003ec       0x30 ./utilities/debug_console_lite/fsl_debug_console.o
                0x000003ec                DbgConsole_Putchar
 .text.DbgConsole_PrintfFormattedData
                0x0000041c      0x3e0 ./utilities/debug_console_lite/fsl_debug_console.o
 .text.__assertion_failed
                0x000007fc       0x3c ./utilities/fsl_assert.o
                0x000007fc                __assertion_failed
 .text          0x00000838       0xa0 ./utilities/fsl_memcpy.o
                0x00000838                memcpy
 .text.SysTick_Handler
                0x000008d8       0x18 ./source/led_blinky.o
                0x000008d8                SysTick_Handler
 .text.CLOCK_AttachClk
                0x000008f0       0xb0 ./drivers/fsl_clock.o
                0x000008f0                CLOCK_AttachClk
 .text.CLOCK_SetClkDiv
                0x000009a0       0x54 ./drivers/fsl_clock.o
                0x000009a0                CLOCK_SetClkDiv
 .text.LP_FLEXCOMM_GetInterruptStatus
                0x000009f4       0x28 ./drivers/fsl_lpflexcomm.o
                0x000009f4                LP_FLEXCOMM_GetInterruptStatus
 .text.LP_FLEXCOMM_CommonIRQHandler
                0x00000a1c       0xb8 ./drivers/fsl_lpflexcomm.o
 .text.SPC_SetSRAMOperateVoltage
                0x00000ad4       0x58 ./drivers/fsl_spc.o
                0x00000ad4                SPC_SetSRAMOperateVoltage
 .text.SPC_SetActiveModeCoreLDORegulatorConfig
                0x00000b2c       0x94 ./drivers/fsl_spc.o
                0x00000b2c                SPC_SetActiveModeCoreLDORegulatorConfig
 .text.SPC_SetActiveModeDCDCRegulatorConfig
                0x00000bc0       0x68 ./drivers/fsl_spc.o
                0x00000bc0                SPC_SetActiveModeDCDCRegulatorConfig
 .text.SystemInit
                0x00000c28      0x124 ./device/system_MCXN947_cm33_core0.o
                0x00000c28                SystemInit
 .text.BOARD_BootClockFRO12M
                0x00000d4c       0x88 ./board/clock_config.o
                0x00000d4c                BOARD_BootClockFRO12M
 .text.__NVIC_SetPriority
                0x00000dd4       0x54 ./board/hardware_init.o
 .text.SysTick_Config
                0x00000e28       0x44 ./board/hardware_init.o
 .text.BOARD_InitHardware
                0x00000e6c       0x3c ./board/hardware_init.o
                0x00000e6c                BOARD_InitHardware
 .text.PORT_SetPinConfig
                0x00000ea8       0x38 ./board/pin_mux.o
 .text.BOARD_InitPins
                0x00000ee0       0x5c ./board/pin_mux.o
                0x00000ee0                BOARD_InitPins
 .text._initio  0x00000f3c       0x78 D:/nxp/MCUXpressoIDE_25.6.136/ide/plugins/com.nxp.mcuxpresso.tools.win32_25.6.0.202501151204/tools/bin/../lib/gcc/arm-none-eabi/14.2.1/../../../../arm-none-eabi/lib/thumb/v8-m.main+fp/hard\libcr_c.a(initio.o)
                0x00000f3c                _initio
 .text._Cwritebuf
                0x00000fb4       0x70 D:/nxp/MCUXpressoIDE_25.6.136/ide/plugins/com.nxp.mcuxpresso.tools.win32_25.6.0.202501151204/tools/bin/../lib/gcc/arm-none-eabi/14.2.1/../../../../arm-none-eabi/lib/thumb/v8-m.main+fp/hard\libcr_c.a(_writebuf.o)
                0x00000fb4                _Cwritebuf
 .text.fflush   0x00001024       0x3c D:/nxp/MCUXpressoIDE_25.6.136/ide/plugins/com.nxp.mcuxpresso.tools.win32_25.6.0.202501151204/tools/bin/../lib/gcc/arm-none-eabi/14.2.1/../../../../arm-none-eabi/lib/thumb/v8-m.main+fp/hard\libcr_c.a(fflush.o)
                0x00001024                fflush
 .text.fseek    0x00001060       0xf8 D:/nxp/MCUXpressoIDE_25.6.136/ide/plugins/com.nxp.mcuxpresso.tools.win32_25.6.0.202501151204/tools/bin/../lib/gcc/arm-none-eabi/14.2.1/../../../../arm-none-eabi/lib/thumb/v8-m.main+fp/hard\libcr_c.a(fseek.o)
                0x00001060                fseek
 .text.ftell    0x00001158       0x44 D:/nxp/MCUXpressoIDE_25.6.136/ide/plugins/com.nxp.mcuxpresso.tools.win32_25.6.0.202501151204/tools/bin/../lib/gcc/arm-none-eabi/14.2.1/../../../../arm-none-eabi/lib/thumb/v8-m.main+fp/hard\libcr_c.a(ftell.o)
                0x00001158                ftell
 .text.DbgConsole_Printf
                0x0000119c       0x2c ./utilities/debug_console_lite/fsl_debug_console.o
                0x0000119c                DbgConsole_Printf
 .text.DbgConsole_PrintfPaddingCharacter
                0x000011c8       0x40 ./utilities/debug_console_lite/fsl_debug_console.o
 .text.DbgConsole_ConvertRadixNumToString
                0x00001208       0xc2 ./utilities/debug_console_lite/fsl_debug_console.o
 .text.fsl_assert_hook
                0x000012ca       0x1a ./utilities/fsl_assert.o
                0x000012ca                fsl_assert_hook
 .text.OR_IRQHandler
                0x000012e4        0x8 ./startup/startup_mcxn947_cm33_core0.o
                0x000012e4                OR_IRQHandler
 .text.EDMA_0_CH0_IRQHandler
                0x000012ec        0x8 ./startup/startup_mcxn947_cm33_core0.o
                0x000012ec                EDMA_0_CH0_IRQHandler
 .text.EDMA_0_CH1_IRQHandler
                0x000012f4        0x8 ./startup/startup_mcxn947_cm33_core0.o
                0x000012f4                EDMA_0_CH1_IRQHandler
 .text.EDMA_0_CH2_IRQHandler
                0x000012fc        0x8 ./startup/startup_mcxn947_cm33_core0.o
                0x000012fc                EDMA_0_CH2_IRQHandler
 .text.EDMA_0_CH3_IRQHandler
                0x00001304        0x8 ./startup/startup_mcxn947_cm33_core0.o
                0x00001304                EDMA_0_CH3_IRQHandler
 .text.EDMA_0_CH4_IRQHandler
                0x0000130c        0x8 ./startup/startup_mcxn947_cm33_core0.o
                0x0000130c                EDMA_0_CH4_IRQHandler
 .text.EDMA_0_CH5_IRQHandler
                0x00001314        0x8 ./startup/startup_mcxn947_cm33_core0.o
                0x00001314                EDMA_0_CH5_IRQHandler
 .text.EDMA_0_CH6_IRQHandler
                0x0000131c        0x8 ./startup/startup_mcxn947_cm33_core0.o
                0x0000131c                EDMA_0_CH6_IRQHandler
 .text.EDMA_0_CH7_IRQHandler
                0x00001324        0x8 ./startup/startup_mcxn947_cm33_core0.o
                0x00001324                EDMA_0_CH7_IRQHandler
 .text.EDMA_0_CH8_IRQHandler
                0x0000132c        0x8 ./startup/startup_mcxn947_cm33_core0.o
                0x0000132c                EDMA_0_CH8_IRQHandler
 .text.EDMA_0_CH9_IRQHandler
                0x00001334        0x8 ./startup/startup_mcxn947_cm33_core0.o
                0x00001334                EDMA_0_CH9_IRQHandler
 .text.EDMA_0_CH10_IRQHandler
                0x0000133c        0x8 ./startup/startup_mcxn947_cm33_core0.o
                0x0000133c                EDMA_0_CH10_IRQHandler
 .text.EDMA_0_CH11_IRQHandler
                0x00001344        0x8 ./startup/startup_mcxn947_cm33_core0.o
                0x00001344                EDMA_0_CH11_IRQHandler
 .text.EDMA_0_CH12_IRQHandler
                0x0000134c        0x8 ./startup/startup_mcxn947_cm33_core0.o
                0x0000134c                EDMA_0_CH12_IRQHandler
 .text.EDMA_0_CH13_IRQHandler
                0x00001354        0x8 ./startup/startup_mcxn947_cm33_core0.o
                0x00001354                EDMA_0_CH13_IRQHandler
 .text.EDMA_0_CH14_IRQHandler
                0x0000135c        0x8 ./startup/startup_mcxn947_cm33_core0.o
                0x0000135c                EDMA_0_CH14_IRQHandler
 .text.EDMA_0_CH15_IRQHandler
                0x00001364        0x8 ./startup/startup_mcxn947_cm33_core0.o
                0x00001364                EDMA_0_CH15_IRQHandler
 .text.GPIO00_IRQHandler
                0x0000136c        0x8 ./startup/startup_mcxn947_cm33_core0.o
                0x0000136c                GPIO00_IRQHandler
 .text.GPIO01_IRQHandler
                0x00001374        0x8 ./startup/startup_mcxn947_cm33_core0.o
                0x00001374                GPIO01_IRQHandler
 .text.GPIO10_IRQHandler
                0x0000137c        0x8 ./startup/startup_mcxn947_cm33_core0.o
                0x0000137c                GPIO10_IRQHandler
 .text.GPIO11_IRQHandler
                0x00001384        0x8 ./startup/startup_mcxn947_cm33_core0.o
                0x00001384                GPIO11_IRQHandler
 .text.GPIO20_IRQHandler
                0x0000138c        0x8 ./startup/startup_mcxn947_cm33_core0.o
                0x0000138c                GPIO20_IRQHandler
 .text.GPIO21_IRQHandler
                0x00001394        0x8 ./startup/startup_mcxn947_cm33_core0.o
                0x00001394                GPIO21_IRQHandler
 .text.GPIO30_IRQHandler
                0x0000139c        0x8 ./startup/startup_mcxn947_cm33_core0.o
                0x0000139c                GPIO30_IRQHandler
 .text.GPIO31_IRQHandler
                0x000013a4        0x8 ./startup/startup_mcxn947_cm33_core0.o
                0x000013a4                GPIO31_IRQHandler
 .text.GPIO40_IRQHandler
                0x000013ac        0x8 ./startup/startup_mcxn947_cm33_core0.o
                0x000013ac                GPIO40_IRQHandler
 .text.GPIO41_IRQHandler
                0x000013b4        0x8 ./startup/startup_mcxn947_cm33_core0.o
                0x000013b4                GPIO41_IRQHandler
 .text.GPIO50_IRQHandler
                0x000013bc        0x8 ./startup/startup_mcxn947_cm33_core0.o
                0x000013bc                GPIO50_IRQHandler
 .text.GPIO51_IRQHandler
                0x000013c4        0x8 ./startup/startup_mcxn947_cm33_core0.o
                0x000013c4                GPIO51_IRQHandler
 .text.UTICK0_IRQHandler
                0x000013cc        0x8 ./startup/startup_mcxn947_cm33_core0.o
                0x000013cc                UTICK0_IRQHandler
 .text.MRT0_IRQHandler
                0x000013d4        0x8 ./startup/startup_mcxn947_cm33_core0.o
                0x000013d4                MRT0_IRQHandler
 .text.CTIMER0_IRQHandler
                0x000013dc        0x8 ./startup/startup_mcxn947_cm33_core0.o
                0x000013dc                CTIMER0_IRQHandler
 .text.CTIMER1_IRQHandler
                0x000013e4        0x8 ./startup/startup_mcxn947_cm33_core0.o
                0x000013e4                CTIMER1_IRQHandler
 .text.SCT0_IRQHandler
                0x000013ec        0x8 ./startup/startup_mcxn947_cm33_core0.o
                0x000013ec                SCT0_IRQHandler
 .text.CTIMER2_IRQHandler
                0x000013f4        0x8 ./startup/startup_mcxn947_cm33_core0.o
                0x000013f4                CTIMER2_IRQHandler
 .text.LP_FLEXCOMM0_IRQHandler
                0x000013fc        0x8 ./startup/startup_mcxn947_cm33_core0.o
                0x000013fc                LP_FLEXCOMM0_IRQHandler
 .text.LP_FLEXCOMM1_IRQHandler
                0x00001404        0x8 ./startup/startup_mcxn947_cm33_core0.o
                0x00001404                LP_FLEXCOMM1_IRQHandler
 .text.LP_FLEXCOMM2_IRQHandler
                0x0000140c        0x8 ./startup/startup_mcxn947_cm33_core0.o
                0x0000140c                LP_FLEXCOMM2_IRQHandler
 .text.LP_FLEXCOMM3_IRQHandler
                0x00001414        0x8 ./startup/startup_mcxn947_cm33_core0.o
                0x00001414                LP_FLEXCOMM3_IRQHandler
 .text.LP_FLEXCOMM4_IRQHandler
                0x0000141c        0x8 ./startup/startup_mcxn947_cm33_core0.o
                0x0000141c                LP_FLEXCOMM4_IRQHandler
 .text.LP_FLEXCOMM5_IRQHandler
                0x00001424        0x8 ./startup/startup_mcxn947_cm33_core0.o
                0x00001424                LP_FLEXCOMM5_IRQHandler
 .text.LP_FLEXCOMM6_IRQHandler
                0x0000142c        0x8 ./startup/startup_mcxn947_cm33_core0.o
                0x0000142c                LP_FLEXCOMM6_IRQHandler
 .text.LP_FLEXCOMM7_IRQHandler
                0x00001434        0x8 ./startup/startup_mcxn947_cm33_core0.o
                0x00001434                LP_FLEXCOMM7_IRQHandler
 .text.LP_FLEXCOMM8_IRQHandler
                0x0000143c        0x8 ./startup/startup_mcxn947_cm33_core0.o
                0x0000143c                LP_FLEXCOMM8_IRQHandler
 .text.LP_FLEXCOMM9_IRQHandler
                0x00001444        0x8 ./startup/startup_mcxn947_cm33_core0.o
                0x00001444                LP_FLEXCOMM9_IRQHandler
 .text.ADC0_IRQHandler
                0x0000144c        0x8 ./startup/startup_mcxn947_cm33_core0.o
                0x0000144c                ADC0_IRQHandler
 .text.ADC1_IRQHandler
                0x00001454        0x8 ./startup/startup_mcxn947_cm33_core0.o
                0x00001454                ADC1_IRQHandler
 .text.PINT0_IRQHandler
                0x0000145c        0x8 ./startup/startup_mcxn947_cm33_core0.o
                0x0000145c                PINT0_IRQHandler
 .text.PDM_EVENT_IRQHandler
                0x00001464        0x8 ./startup/startup_mcxn947_cm33_core0.o
                0x00001464                PDM_EVENT_IRQHandler
 .text.Reserved65_IRQHandler
                0x0000146c        0x8 ./startup/startup_mcxn947_cm33_core0.o
                0x0000146c                Reserved65_IRQHandler
 .text.USB0_FS_IRQHandler
                0x00001474        0x8 ./startup/startup_mcxn947_cm33_core0.o
                0x00001474                USB0_FS_IRQHandler
 .text.USB0_DCD_IRQHandler
                0x0000147c        0x8 ./startup/startup_mcxn947_cm33_core0.o
                0x0000147c                USB0_DCD_IRQHandler
 .text.RTC_IRQHandler
                0x00001484        0x8 ./startup/startup_mcxn947_cm33_core0.o
                0x00001484                RTC_IRQHandler
 .text.SMARTDMA_IRQHandler
                0x0000148c        0x8 ./startup/startup_mcxn947_cm33_core0.o
                0x0000148c                SMARTDMA_IRQHandler
 .text.MAILBOX_IRQHandler
                0x00001494        0x8 ./startup/startup_mcxn947_cm33_core0.o
                0x00001494                MAILBOX_IRQHandler
 .text.CTIMER3_IRQHandler
                0x0000149c        0x8 ./startup/startup_mcxn947_cm33_core0.o
                0x0000149c                CTIMER3_IRQHandler
 .text.CTIMER4_IRQHandler
                0x000014a4        0x8 ./startup/startup_mcxn947_cm33_core0.o
                0x000014a4                CTIMER4_IRQHandler
 .text.OS_EVENT_IRQHandler
                0x000014ac        0x8 ./startup/startup_mcxn947_cm33_core0.o
                0x000014ac                OS_EVENT_IRQHandler
 .text.FLEXSPI0_IRQHandler
                0x000014b4        0x8 ./startup/startup_mcxn947_cm33_core0.o
                0x000014b4                FLEXSPI0_IRQHandler
 .text.SAI0_IRQHandler
                0x000014bc        0x8 ./startup/startup_mcxn947_cm33_core0.o
                0x000014bc                SAI0_IRQHandler
 .text.SAI1_IRQHandler
                0x000014c4        0x8 ./startup/startup_mcxn947_cm33_core0.o
                0x000014c4                SAI1_IRQHandler
 .text.USDHC0_IRQHandler
                0x000014cc        0x8 ./startup/startup_mcxn947_cm33_core0.o
                0x000014cc                USDHC0_IRQHandler
 .text.CAN0_IRQHandler
                0x000014d4        0x8 ./startup/startup_mcxn947_cm33_core0.o
                0x000014d4                CAN0_IRQHandler
 .text.CAN1_IRQHandler
                0x000014dc        0x8 ./startup/startup_mcxn947_cm33_core0.o
                0x000014dc                CAN1_IRQHandler
 .text.Reserved80_IRQHandler
                0x000014e4        0x8 ./startup/startup_mcxn947_cm33_core0.o
                0x000014e4                Reserved80_IRQHandler
 .text.Reserved81_IRQHandler
                0x000014ec        0x8 ./startup/startup_mcxn947_cm33_core0.o
                0x000014ec                Reserved81_IRQHandler
 .text.USB1_HS_PHY_IRQHandler
                0x000014f4        0x8 ./startup/startup_mcxn947_cm33_core0.o
                0x000014f4                USB1_HS_PHY_IRQHandler
 .text.USB1_HS_IRQHandler
                0x000014fc        0x8 ./startup/startup_mcxn947_cm33_core0.o
                0x000014fc                USB1_HS_IRQHandler
 .text.SEC_HYPERVISOR_CALL_IRQHandler
                0x00001504        0x8 ./startup/startup_mcxn947_cm33_core0.o
                0x00001504                SEC_HYPERVISOR_CALL_IRQHandler
 .text.Reserved85_IRQHandler
                0x0000150c        0x8 ./startup/startup_mcxn947_cm33_core0.o
                0x0000150c                Reserved85_IRQHandler
 .text.PLU_IRQHandler
                0x00001514        0x8 ./startup/startup_mcxn947_cm33_core0.o
                0x00001514                PLU_IRQHandler
 .text.Freqme_IRQHandler
                0x0000151c        0x8 ./startup/startup_mcxn947_cm33_core0.o
                0x0000151c                Freqme_IRQHandler
 .text.SEC_VIO_IRQHandler
                0x00001524        0x8 ./startup/startup_mcxn947_cm33_core0.o
                0x00001524                SEC_VIO_IRQHandler
 .text.ELS_IRQHandler
                0x0000152c        0x8 ./startup/startup_mcxn947_cm33_core0.o
                0x0000152c                ELS_IRQHandler
 .text.PKC_IRQHandler
                0x00001534        0x8 ./startup/startup_mcxn947_cm33_core0.o
                0x00001534                PKC_IRQHandler
 .text.PUF_IRQHandler
                0x0000153c        0x8 ./startup/startup_mcxn947_cm33_core0.o
                0x0000153c                PUF_IRQHandler
 .text.PQ_IRQHandler
                0x00001544        0x8 ./startup/startup_mcxn947_cm33_core0.o
                0x00001544                PQ_IRQHandler
 .text.EDMA_1_CH0_IRQHandler
                0x0000154c        0x8 ./startup/startup_mcxn947_cm33_core0.o
                0x0000154c                EDMA_1_CH0_IRQHandler
 .text.EDMA_1_CH1_IRQHandler
                0x00001554        0x8 ./startup/startup_mcxn947_cm33_core0.o
                0x00001554                EDMA_1_CH1_IRQHandler
 .text.EDMA_1_CH2_IRQHandler
                0x0000155c        0x8 ./startup/startup_mcxn947_cm33_core0.o
                0x0000155c                EDMA_1_CH2_IRQHandler
 .text.EDMA_1_CH3_IRQHandler
                0x00001564        0x8 ./startup/startup_mcxn947_cm33_core0.o
                0x00001564                EDMA_1_CH3_IRQHandler
 .text.EDMA_1_CH4_IRQHandler
                0x0000156c        0x8 ./startup/startup_mcxn947_cm33_core0.o
                0x0000156c                EDMA_1_CH4_IRQHandler
 .text.EDMA_1_CH5_IRQHandler
                0x00001574        0x8 ./startup/startup_mcxn947_cm33_core0.o
                0x00001574                EDMA_1_CH5_IRQHandler
 .text.EDMA_1_CH6_IRQHandler
                0x0000157c        0x8 ./startup/startup_mcxn947_cm33_core0.o
                0x0000157c                EDMA_1_CH6_IRQHandler
 .text.EDMA_1_CH7_IRQHandler
                0x00001584        0x8 ./startup/startup_mcxn947_cm33_core0.o
                0x00001584                EDMA_1_CH7_IRQHandler
 .text.EDMA_1_CH8_IRQHandler
                0x0000158c        0x8 ./startup/startup_mcxn947_cm33_core0.o
                0x0000158c                EDMA_1_CH8_IRQHandler
 .text.EDMA_1_CH9_IRQHandler
                0x00001594        0x8 ./startup/startup_mcxn947_cm33_core0.o
                0x00001594                EDMA_1_CH9_IRQHandler
 .text.EDMA_1_CH10_IRQHandler
                0x0000159c        0x8 ./startup/startup_mcxn947_cm33_core0.o
                0x0000159c                EDMA_1_CH10_IRQHandler
 .text.EDMA_1_CH11_IRQHandler
                0x000015a4        0x8 ./startup/startup_mcxn947_cm33_core0.o
                0x000015a4                EDMA_1_CH11_IRQHandler
 .text.EDMA_1_CH12_IRQHandler
                0x000015ac        0x8 ./startup/startup_mcxn947_cm33_core0.o
                0x000015ac                EDMA_1_CH12_IRQHandler
 .text.EDMA_1_CH13_IRQHandler
                0x000015b4        0x8 ./startup/startup_mcxn947_cm33_core0.o
                0x000015b4                EDMA_1_CH13_IRQHandler
 .text.EDMA_1_CH14_IRQHandler
                0x000015bc        0x8 ./startup/startup_mcxn947_cm33_core0.o
                0x000015bc                EDMA_1_CH14_IRQHandler
 .text.EDMA_1_CH15_IRQHandler
                0x000015c4        0x8 ./startup/startup_mcxn947_cm33_core0.o
                0x000015c4                EDMA_1_CH15_IRQHandler
 .text.CDOG0_IRQHandler
                0x000015cc        0x8 ./startup/startup_mcxn947_cm33_core0.o
                0x000015cc                CDOG0_IRQHandler
 .text.CDOG1_IRQHandler
                0x000015d4        0x8 ./startup/startup_mcxn947_cm33_core0.o
                0x000015d4                CDOG1_IRQHandler
 .text.I3C0_IRQHandler
                0x000015dc        0x8 ./startup/startup_mcxn947_cm33_core0.o
                0x000015dc                I3C0_IRQHandler
 .text.I3C1_IRQHandler
                0x000015e4        0x8 ./startup/startup_mcxn947_cm33_core0.o
                0x000015e4                I3C1_IRQHandler
 .text.NPU_IRQHandler
                0x000015ec        0x8 ./startup/startup_mcxn947_cm33_core0.o
                0x000015ec                NPU_IRQHandler
 .text.GDET_IRQHandler
                0x000015f4        0x8 ./startup/startup_mcxn947_cm33_core0.o
                0x000015f4                GDET_IRQHandler
 .text.VBAT0_IRQHandler
                0x000015fc        0x8 ./startup/startup_mcxn947_cm33_core0.o
                0x000015fc                VBAT0_IRQHandler
 .text.EWM0_IRQHandler
                0x00001604        0x8 ./startup/startup_mcxn947_cm33_core0.o
                0x00001604                EWM0_IRQHandler
 .text.TSI_END_OF_SCAN_IRQHandler
                0x0000160c        0x8 ./startup/startup_mcxn947_cm33_core0.o
                0x0000160c                TSI_END_OF_SCAN_IRQHandler
 .text.TSI_OUT_OF_SCAN_IRQHandler
                0x00001614        0x8 ./startup/startup_mcxn947_cm33_core0.o
                0x00001614                TSI_OUT_OF_SCAN_IRQHandler
 .text.EMVSIM0_IRQHandler
                0x0000161c        0x8 ./startup/startup_mcxn947_cm33_core0.o
                0x0000161c                EMVSIM0_IRQHandler
 .text.EMVSIM1_IRQHandler
                0x00001624        0x8 ./startup/startup_mcxn947_cm33_core0.o
                0x00001624                EMVSIM1_IRQHandler
 .text.FLEXIO_IRQHandler
                0x0000162c        0x8 ./startup/startup_mcxn947_cm33_core0.o
                0x0000162c                FLEXIO_IRQHandler
 .text.DAC0_IRQHandler
                0x00001634        0x8 ./startup/startup_mcxn947_cm33_core0.o
                0x00001634                DAC0_IRQHandler
 .text.DAC1_IRQHandler
                0x0000163c        0x8 ./startup/startup_mcxn947_cm33_core0.o
                0x0000163c                DAC1_IRQHandler
 .text.DAC2_IRQHandler
                0x00001644        0x8 ./startup/startup_mcxn947_cm33_core0.o
                0x00001644                DAC2_IRQHandler
 .text.HSCMP0_IRQHandler
                0x0000164c        0x8 ./startup/startup_mcxn947_cm33_core0.o
                0x0000164c                HSCMP0_IRQHandler
 .text.HSCMP1_IRQHandler
                0x00001654        0x8 ./startup/startup_mcxn947_cm33_core0.o
                0x00001654                HSCMP1_IRQHandler
 .text.HSCMP2_IRQHandler
                0x0000165c        0x8 ./startup/startup_mcxn947_cm33_core0.o
                0x0000165c                HSCMP2_IRQHandler
 .text.FLEXPWM0_RELOAD_ERROR_IRQHandler
                0x00001664        0x8 ./startup/startup_mcxn947_cm33_core0.o
                0x00001664                FLEXPWM0_RELOAD_ERROR_IRQHandler
 .text.FLEXPWM0_FAULT_IRQHandler
                0x0000166c        0x8 ./startup/startup_mcxn947_cm33_core0.o
                0x0000166c                FLEXPWM0_FAULT_IRQHandler
 .text.FLEXPWM0_SUBMODULE0_IRQHandler
                0x00001674        0x8 ./startup/startup_mcxn947_cm33_core0.o
                0x00001674                FLEXPWM0_SUBMODULE0_IRQHandler
 .text.FLEXPWM0_SUBMODULE1_IRQHandler
                0x0000167c        0x8 ./startup/startup_mcxn947_cm33_core0.o
                0x0000167c                FLEXPWM0_SUBMODULE1_IRQHandler
 .text.FLEXPWM0_SUBMODULE2_IRQHandler
                0x00001684        0x8 ./startup/startup_mcxn947_cm33_core0.o
                0x00001684                FLEXPWM0_SUBMODULE2_IRQHandler
 .text.FLEXPWM0_SUBMODULE3_IRQHandler
                0x0000168c        0x8 ./startup/startup_mcxn947_cm33_core0.o
                0x0000168c                FLEXPWM0_SUBMODULE3_IRQHandler
 .text.FLEXPWM1_RELOAD_ERROR_IRQHandler
                0x00001694        0x8 ./startup/startup_mcxn947_cm33_core0.o
                0x00001694                FLEXPWM1_RELOAD_ERROR_IRQHandler
 .text.FLEXPWM1_FAULT_IRQHandler
                0x0000169c        0x8 ./startup/startup_mcxn947_cm33_core0.o
                0x0000169c                FLEXPWM1_FAULT_IRQHandler
 .text.FLEXPWM1_SUBMODULE0_IRQHandler
                0x000016a4        0x8 ./startup/startup_mcxn947_cm33_core0.o
                0x000016a4                FLEXPWM1_SUBMODULE0_IRQHandler
 .text.FLEXPWM1_SUBMODULE1_IRQHandler
                0x000016ac        0x8 ./startup/startup_mcxn947_cm33_core0.o
                0x000016ac                FLEXPWM1_SUBMODULE1_IRQHandler
 .text.FLEXPWM1_SUBMODULE2_IRQHandler
                0x000016b4        0x8 ./startup/startup_mcxn947_cm33_core0.o
                0x000016b4                FLEXPWM1_SUBMODULE2_IRQHandler
 .text.FLEXPWM1_SUBMODULE3_IRQHandler
                0x000016bc        0x8 ./startup/startup_mcxn947_cm33_core0.o
                0x000016bc                FLEXPWM1_SUBMODULE3_IRQHandler
 .text.QDC0_COMPARE_IRQHandler
                0x000016c4        0x8 ./startup/startup_mcxn947_cm33_core0.o
                0x000016c4                QDC0_COMPARE_IRQHandler
 .text.QDC0_HOME_IRQHandler
                0x000016cc        0x8 ./startup/startup_mcxn947_cm33_core0.o
                0x000016cc                QDC0_HOME_IRQHandler
 .text.QDC0_WDG_SAB_IRQHandler
                0x000016d4        0x8 ./startup/startup_mcxn947_cm33_core0.o
                0x000016d4                QDC0_WDG_SAB_IRQHandler
 .text.QDC0_IDX_IRQHandler
                0x000016dc        0x8 ./startup/startup_mcxn947_cm33_core0.o
                0x000016dc                QDC0_IDX_IRQHandler
 .text.QDC1_COMPARE_IRQHandler
                0x000016e4        0x8 ./startup/startup_mcxn947_cm33_core0.o
                0x000016e4                QDC1_COMPARE_IRQHandler
 .text.QDC1_HOME_IRQHandler
                0x000016ec        0x8 ./startup/startup_mcxn947_cm33_core0.o
                0x000016ec                QDC1_HOME_IRQHandler
 .text.QDC1_WDG_SAB_IRQHandler
                0x000016f4        0x8 ./startup/startup_mcxn947_cm33_core0.o
                0x000016f4                QDC1_WDG_SAB_IRQHandler
 .text.QDC1_IDX_IRQHandler
                0x000016fc        0x8 ./startup/startup_mcxn947_cm33_core0.o
                0x000016fc                QDC1_IDX_IRQHandler
 .text.ITRC0_IRQHandler
                0x00001704        0x8 ./startup/startup_mcxn947_cm33_core0.o
                0x00001704                ITRC0_IRQHandler
 .text.BSP32_IRQHandler
                0x0000170c        0x8 ./startup/startup_mcxn947_cm33_core0.o
                0x0000170c                BSP32_IRQHandler
 .text.ELS_ERR_IRQHandler
                0x00001714        0x8 ./startup/startup_mcxn947_cm33_core0.o
                0x00001714                ELS_ERR_IRQHandler
 .text.PKC_ERR_IRQHandler
                0x0000171c        0x8 ./startup/startup_mcxn947_cm33_core0.o
                0x0000171c                PKC_ERR_IRQHandler
 .text.ERM_SINGLE_BIT_ERROR_IRQHandler
                0x00001724        0x8 ./startup/startup_mcxn947_cm33_core0.o
                0x00001724                ERM_SINGLE_BIT_ERROR_IRQHandler
 .text.ERM_MULTI_BIT_ERROR_IRQHandler
                0x0000172c        0x8 ./startup/startup_mcxn947_cm33_core0.o
                0x0000172c                ERM_MULTI_BIT_ERROR_IRQHandler
 .text.FMU0_IRQHandler
                0x00001734        0x8 ./startup/startup_mcxn947_cm33_core0.o
                0x00001734                FMU0_IRQHandler
 .text.ETHERNET_IRQHandler
                0x0000173c        0x8 ./startup/startup_mcxn947_cm33_core0.o
                0x0000173c                ETHERNET_IRQHandler
 .text.ETHERNET_PMT_IRQHandler
                0x00001744        0x8 ./startup/startup_mcxn947_cm33_core0.o
                0x00001744                ETHERNET_PMT_IRQHandler
 .text.ETHERNET_MACLP_IRQHandler
                0x0000174c        0x8 ./startup/startup_mcxn947_cm33_core0.o
                0x0000174c                ETHERNET_MACLP_IRQHandler
 .text.SINC_FILTER_IRQHandler
                0x00001754        0x8 ./startup/startup_mcxn947_cm33_core0.o
                0x00001754                SINC_FILTER_IRQHandler
 .text.LPTMR0_IRQHandler
                0x0000175c        0x8 ./startup/startup_mcxn947_cm33_core0.o
                0x0000175c                LPTMR0_IRQHandler
 .text.LPTMR1_IRQHandler
                0x00001764        0x8 ./startup/startup_mcxn947_cm33_core0.o
                0x00001764                LPTMR1_IRQHandler
 .text.SCG_IRQHandler
                0x0000176c        0x8 ./startup/startup_mcxn947_cm33_core0.o
                0x0000176c                SCG_IRQHandler
 .text.SPC_IRQHandler
                0x00001774        0x8 ./startup/startup_mcxn947_cm33_core0.o
                0x00001774                SPC_IRQHandler
 .text.WUU_IRQHandler
                0x0000177c        0x8 ./startup/startup_mcxn947_cm33_core0.o
                0x0000177c                WUU_IRQHandler
 .text.PORT_EFT_IRQHandler
                0x00001784        0x8 ./startup/startup_mcxn947_cm33_core0.o
                0x00001784                PORT_EFT_IRQHandler
 .text.ETB0_IRQHandler
                0x0000178c        0x8 ./startup/startup_mcxn947_cm33_core0.o
                0x0000178c                ETB0_IRQHandler
 .text.Reserved166_IRQHandler
                0x00001794        0x8 ./startup/startup_mcxn947_cm33_core0.o
                0x00001794                Reserved166_IRQHandler
 .text.Reserved167_IRQHandler
                0x0000179c        0x8 ./startup/startup_mcxn947_cm33_core0.o
                0x0000179c                Reserved167_IRQHandler
 .text.WWDT0_IRQHandler
                0x000017a4        0x8 ./startup/startup_mcxn947_cm33_core0.o
                0x000017a4                WWDT0_IRQHandler
 .text.WWDT1_IRQHandler
                0x000017ac        0x8 ./startup/startup_mcxn947_cm33_core0.o
                0x000017ac                WWDT1_IRQHandler
 .text.CMC0_IRQHandler
                0x000017b4        0x8 ./startup/startup_mcxn947_cm33_core0.o
                0x000017b4                CMC0_IRQHandler
 .text.CTI0_IRQHandler
                0x000017bc        0x8 ./startup/startup_mcxn947_cm33_core0.o
                0x000017bc                CTI0_IRQHandler
 .text.GPIO_PortToggle
                0x000017c4       0x1c ./source/led_blinky.o
 .text.main     0x000017e0        0xa ./source/led_blinky.o
                0x000017e0                main
 .text.HardFault_Handler
                0x000017ea       0x36 ./source/semihost_hardfault.o
                0x000017ea                HardFault_Handler
 .text.LP_FLEXCOMM0_DriverIRQHandler
                0x00001820        0xe ./drivers/fsl_lpflexcomm.o
                0x00001820                LP_FLEXCOMM0_DriverIRQHandler
 .text.LP_FLEXCOMM1_DriverIRQHandler
                0x0000182e        0xe ./drivers/fsl_lpflexcomm.o
                0x0000182e                LP_FLEXCOMM1_DriverIRQHandler
 .text.LP_FLEXCOMM2_DriverIRQHandler
                0x0000183c        0xe ./drivers/fsl_lpflexcomm.o
                0x0000183c                LP_FLEXCOMM2_DriverIRQHandler
 .text.LP_FLEXCOMM3_DriverIRQHandler
                0x0000184a        0xe ./drivers/fsl_lpflexcomm.o
                0x0000184a                LP_FLEXCOMM3_DriverIRQHandler
 .text.LP_FLEXCOMM4_DriverIRQHandler
                0x00001858        0xe ./drivers/fsl_lpflexcomm.o
                0x00001858                LP_FLEXCOMM4_DriverIRQHandler
 .text.LP_FLEXCOMM5_DriverIRQHandler
                0x00001866        0xe ./drivers/fsl_lpflexcomm.o
                0x00001866                LP_FLEXCOMM5_DriverIRQHandler
 .text.LP_FLEXCOMM6_DriverIRQHandler
                0x00001874        0xe ./drivers/fsl_lpflexcomm.o
                0x00001874                LP_FLEXCOMM6_DriverIRQHandler
 .text.LP_FLEXCOMM7_DriverIRQHandler
                0x00001882        0xe ./drivers/fsl_lpflexcomm.o
                0x00001882                LP_FLEXCOMM7_DriverIRQHandler
 .text.LP_FLEXCOMM8_DriverIRQHandler
                0x00001890        0xe ./drivers/fsl_lpflexcomm.o
                0x00001890                LP_FLEXCOMM8_DriverIRQHandler
 .text.LP_FLEXCOMM9_DriverIRQHandler
                0x0000189e        0xe ./drivers/fsl_lpflexcomm.o
                0x0000189e                LP_FLEXCOMM9_DriverIRQHandler
 .text.SPC_GetActiveModeBandgapMode
                0x000018ac       0x22 ./drivers/fsl_spc.o
 .text.SPC_GetActiveModeVoltageDetectStatus
                0x000018ce       0x22 ./drivers/fsl_spc.o
 .text.SPC_GetActiveModeCoreLDOVDDVoltageLevel
                0x000018f0       0x22 ./drivers/fsl_spc.o
 .text.SPC_GetActiveModeCoreLDODriveStrength
                0x00001912       0x22 ./drivers/fsl_spc.o
 .text.SPC_SetActiveModeDCDCRegulatorVoltageLevel
                0x00001934       0x32 ./drivers/fsl_spc.o
 .text.SPC_SetActiveModeCoreLDORegulatorVoltageLevel
                0x00001966       0x60 ./drivers/fsl_spc.o
                0x00001966                SPC_SetActiveModeCoreLDORegulatorVoltageLevel
 .text.SPC_SetActiveModeCoreLDORegulatorDriveStrength
                0x000019c6       0x5e ./drivers/fsl_spc.o
                0x000019c6                SPC_SetActiveModeCoreLDORegulatorDriveStrength
 .text.SPC_SetActiveModeDCDCRegulatorDriveStrength
                0x00001a24       0x48 ./drivers/fsl_spc.o
                0x00001a24                SPC_SetActiveModeDCDCRegulatorDriveStrength
 .text.SystemInitHook
                0x00001a6c        0xe ./device/system_MCXN947_cm33_core0.o
                0x00001a6c                SystemInitHook
 .text.CLOCK_EnableClock
                0x00001a7a       0x94 ./board/clock_config.o
 .text.CLOCK_EnableClock
                0x00001b0e       0x94 ./board/hardware_init.o
 .text.GPIO_PinWrite
                0x00001ba2       0x36 ./board/hardware_init.o
 .text.CLOCK_EnableClock
                0x00001bd8       0x94 ./board/pin_mux.o
 .text.__main   0x00001c6c        0xe D:/nxp/MCUXpressoIDE_25.6.136/ide/plugins/com.nxp.mcuxpresso.tools.win32_25.6.0.202501151204/tools/bin/../lib/gcc/arm-none-eabi/14.2.1/../../../../arm-none-eabi/lib/thumb/v8-m.main+fp/hard\libcr_nohost_nf.a(_cr__main.o)
                0x00001c6c                __main
 .text.memset   0x00001c7a        0x4 D:/nxp/MCUXpressoIDE_25.6.136/ide/plugins/com.nxp.mcuxpresso.tools.win32_25.6.0.202501151204/tools/bin/../lib/gcc/arm-none-eabi/14.2.1/../../../../arm-none-eabi/lib/thumb/v8-m.main+fp/hard\libcr_c.a(memset.o)
                0x00001c7a                memset
 .text.free     0x00001c7e       0x30 D:/nxp/MCUXpressoIDE_25.6.136/ide/plugins/com.nxp.mcuxpresso.tools.win32_25.6.0.202501151204/tools/bin/../lib/gcc/arm-none-eabi/14.2.1/../../../../arm-none-eabi/lib/thumb/v8-m.main+fp/hard\libcr_c.a(alloc.o)
                0x00001c7e                free
 .text.setvbuf  0x00001cae       0x3e D:/nxp/MCUXpressoIDE_25.6.136/ide/plugins/com.nxp.mcuxpresso.tools.win32_25.6.0.202501151204/tools/bin/../lib/gcc/arm-none-eabi/14.2.1/../../../../arm-none-eabi/lib/thumb/v8-m.main+fp/hard\libcr_c.a(setvbuf.o)
                0x00001cae                setvbuf
 .text.strlen   0x00001cec       0x4e D:/nxp/MCUXpressoIDE_25.6.136/ide/plugins/com.nxp.mcuxpresso.tools.win32_25.6.0.202501151204/tools/bin/../lib/gcc/arm-none-eabi/14.2.1/../../../../arm-none-eabi/lib/thumb/v8-m.main+fp/hard\libcr_c.a(strlen.o)
                0x00001cec                strlen
 .text._deferredlazyseek
                0x00001d3a       0x40 D:/nxp/MCUXpressoIDE_25.6.136/ide/plugins/com.nxp.mcuxpresso.tools.win32_25.6.0.202501151204/tools/bin/../lib/gcc/arm-none-eabi/14.2.1/../../../../arm-none-eabi/lib/thumb/v8-m.main+fp/hard\libcr_c.a(_deferredlazyseek.o)
                0x00001d3a                _deferredlazyseek
 .text._fdopen  0x00001d7a       0x68 D:/nxp/MCUXpressoIDE_25.6.136/ide/plugins/com.nxp.mcuxpresso.tools.win32_25.6.0.202501151204/tools/bin/../lib/gcc/arm-none-eabi/14.2.1/../../../../arm-none-eabi/lib/thumb/v8-m.main+fp/hard\libcr_c.a(_fdopen.o)
                0x00001d7a                _fdopen
 .text._fflush  0x00001de2       0x52 D:/nxp/MCUXpressoIDE_25.6.136/ide/plugins/com.nxp.mcuxpresso.tools.win32_25.6.0.202501151204/tools/bin/../lib/gcc/arm-none-eabi/14.2.1/../../../../arm-none-eabi/lib/thumb/v8-m.main+fp/hard\libcr_c.a(_fflush.o)
                0x00001de2                _fflush
 .text.fclose   0x00001e34       0x58 D:/nxp/MCUXpressoIDE_25.6.136/ide/plugins/com.nxp.mcuxpresso.tools.win32_25.6.0.202501151204/tools/bin/../lib/gcc/arm-none-eabi/14.2.1/../../../../arm-none-eabi/lib/thumb/v8-m.main+fp/hard\libcr_c.a(fclose.o)
                0x00001e34                fclose
 .text.remove   0x00001e8c       0x14 D:/nxp/MCUXpressoIDE_25.6.136/ide/plugins/com.nxp.mcuxpresso.tools.win32_25.6.0.202501151204/tools/bin/../lib/gcc/arm-none-eabi/14.2.1/../../../../arm-none-eabi/lib/thumb/v8-m.main+fp/hard\libcr_c.a(remove.o)
                0x00001e8c                remove
 .text._do_fflush
                0x00001ea0       0x40 D:/nxp/MCUXpressoIDE_25.6.136/ide/plugins/com.nxp.mcuxpresso.tools.win32_25.6.0.202501151204/tools/bin/../lib/gcc/arm-none-eabi/14.2.1/../../../../arm-none-eabi/lib/thumb/v8-m.main+fp/hard\libcr_c.a(_do_fflush.o)
                0x00001ea0                _do_fflush
 .text.__aeabi_memset_lowlevel
                0x00001ee0       0x32 D:/nxp/MCUXpressoIDE_25.6.136/ide/plugins/com.nxp.mcuxpresso.tools.win32_25.6.0.202501151204/tools/bin/../lib/gcc/arm-none-eabi/14.2.1/thumb/v8-m.main+fp/hard\libcr_eabihelpers.a(memcpy.o)
                0x00001ee0                __aeabi_lowlevel_memset
 .text.__sys_close
                0x00001f12        0x6 D:/nxp/MCUXpressoIDE_25.6.136/ide/plugins/com.nxp.mcuxpresso.tools.win32_25.6.0.202501151204/tools/bin/../lib/gcc/arm-none-eabi/14.2.1/../../../../arm-none-eabi/lib/thumb/v8-m.main+fp/hard\libcr_nohost_nf.a(__sys_close.o)
                0x00001f12                __sys_close
 .text.__sys_flen
                0x00001f18        0x6 D:/nxp/MCUXpressoIDE_25.6.136/ide/plugins/com.nxp.mcuxpresso.tools.win32_25.6.0.202501151204/tools/bin/../lib/gcc/arm-none-eabi/14.2.1/../../../../arm-none-eabi/lib/thumb/v8-m.main+fp/hard\libcr_nohost_nf.a(__sys_flen.o)
                0x00001f18                __sys_flen
 .text.__sys_istty
                0x00001f1e        0x6 D:/nxp/MCUXpressoIDE_25.6.136/ide/plugins/com.nxp.mcuxpresso.tools.win32_25.6.0.202501151204/tools/bin/../lib/gcc/arm-none-eabi/14.2.1/../../../../arm-none-eabi/lib/thumb/v8-m.main+fp/hard\libcr_nohost_nf.a(__sys_istty.o)
                0x00001f1e                __sys_istty
 .text.__sys_remove
                0x00001f24        0x6 D:/nxp/MCUXpressoIDE_25.6.136/ide/plugins/com.nxp.mcuxpresso.tools.win32_25.6.0.202501151204/tools/bin/../lib/gcc/arm-none-eabi/14.2.1/../../../../arm-none-eabi/lib/thumb/v8-m.main+fp/hard\libcr_nohost_nf.a(__sys_remove.o)
                0x00001f24                __sys_remove
 .text.__sys_seek
                0x00001f2a        0x6 D:/nxp/MCUXpressoIDE_25.6.136/ide/plugins/com.nxp.mcuxpresso.tools.win32_25.6.0.202501151204/tools/bin/../lib/gcc/arm-none-eabi/14.2.1/../../../../arm-none-eabi/lib/thumb/v8-m.main+fp/hard\libcr_nohost_nf.a(__sys_seek.o)
                0x00001f2a                __sys_seek
 .text.__sys_tmpnam
                0x00001f30        0x6 D:/nxp/MCUXpressoIDE_25.6.136/ide/plugins/com.nxp.mcuxpresso.tools.win32_25.6.0.202501151204/tools/bin/../lib/gcc/arm-none-eabi/14.2.1/../../../../arm-none-eabi/lib/thumb/v8-m.main+fp/hard\libcr_nohost_nf.a(__sys_tmpnam.o)
                0x00001f30                __sys_tmpnam
 .text.__sys_write
                0x00001f36        0x4 D:/nxp/MCUXpressoIDE_25.6.136/ide/plugins/com.nxp.mcuxpresso.tools.win32_25.6.0.202501151204/tools/bin/../lib/gcc/arm-none-eabi/14.2.1/../../../../arm-none-eabi/lib/thumb/v8-m.main+fp/hard\libcr_nohost_nf.a(__sys_write.o)
                0x00001f36                __sys_write
 *(SORT_BY_ALIGNMENT(.rodata) SORT_BY_ALIGNMENT(.rodata.*) SORT_BY_ALIGNMENT(.constdata) SORT_BY_ALIGNMENT(.constdata.*))
 *fill*         0x00001f3a        0x2 ff
 .rodata.__assertion_failed.str1.4
                0x00001f3c       0xe9 ./utilities/fsl_assert.o
                                 0x14 (size before relaxing)
 *fill*         0x00002025        0x3 ff
 .rodata.s_lpflexcommBase
                0x00002028       0x28 ./drivers/fsl_lpflexcomm.o
 .rodata.SPC_SetSRAMOperateVoltage.str1.4
                0x00002050       0x1f ./drivers/fsl_spc.o
 .rodata.SPC_SetActiveModeCoreLDORegulatorConfig.str1.4
                0x00002050       0x1f ./drivers/fsl_spc.o
 .rodata.SPC_SetActiveModeDCDCRegulatorConfig.str1.4
                0x00002050       0x20 ./drivers/fsl_spc.o
 .rodata        0x00002050       0x22 ./board/clock_config.o
 .rodata.PORT_SetPinConfig.str1.4
                0x00002072       0x75 ./board/pin_mux.o
 *fill*         0x00002072        0x2 ff
 .rodata.__num_Ciob_streams
                0x00002074        0x4 D:/nxp/MCUXpressoIDE_25.6.136/ide/plugins/com.nxp.mcuxpresso.tools.win32_25.6.0.202501151204/tools/bin/../lib/gcc/arm-none-eabi/14.2.1/../../../../arm-none-eabi/lib/thumb/v8-m.main+fp/hard\libcr_nohost_nf.a(__ciob.o)
                0x00002074                __num_Ciob_streams
 .rodata._initio.str1.1
                0x00002078        0x4 D:/nxp/MCUXpressoIDE_25.6.136/ide/plugins/com.nxp.mcuxpresso.tools.win32_25.6.0.202501151204/tools/bin/../lib/gcc/arm-none-eabi/14.2.1/../../../../arm-none-eabi/lib/thumb/v8-m.main+fp/hard\libcr_c.a(initio.o)
                0x0000207c                        . = ALIGN (0x4)

.glue_7         0x0000207c        0x0
 .glue_7        0x0000207c        0x0 linker stubs

.glue_7t        0x0000207c        0x0
 .glue_7t       0x0000207c        0x0 linker stubs

.vfp11_veneer   0x0000207c        0x0
 .vfp11_veneer  0x0000207c        0x0 linker stubs

.v4_bx          0x0000207c        0x0
 .v4_bx         0x0000207c        0x0 linker stubs

.iplt           0x0000207c        0x0
 .iplt          0x0000207c        0x0 ./utilities/debug_console_lite/fsl_debug_console.o

.rel.dyn        0x0000207c        0x0
 .rel.iplt      0x0000207c        0x0 ./utilities/debug_console_lite/fsl_debug_console.o

.ARM.extab
 *(SORT_BY_ALIGNMENT(.ARM.extab*) SORT_BY_ALIGNMENT(.gnu.linkonce.armextab.*))

.ARM.exidx      0x0000207c        0x0
                0x0000207c                        __exidx_start = .
 *(SORT_BY_ALIGNMENT(.ARM.exidx*) SORT_BY_ALIGNMENT(.gnu.linkonce.armexidx.*))
                0x0000207c                        __exidx_end = .
                0x0000207c                        _etext = .

.m_usb_data
 *(SORT_BY_ALIGNMENT(m_usb_global))

.data_RAM2      0x04000000        0x0 load address 0x0000207c
 FILL mask 0xff
                [!provide]                        PROVIDE (__start_data_RAM2 = .)
                [!provide]                        PROVIDE (__start_data_SRAMX = .)
 *(SORT_BY_ALIGNMENT(.ramfunc.$RAM2))
 *(SORT_BY_ALIGNMENT(.ramfunc.$SRAMX))
 *(SORT_BY_ALIGNMENT(.data.$RAM2))
 *(SORT_BY_ALIGNMENT(.data.$SRAMX))
 *(SORT_BY_ALIGNMENT(.data.$RAM2.*))
 *(SORT_BY_ALIGNMENT(.data.$SRAMX.*))
                0x04000000                        . = ALIGN (0x4)
                [!provide]                        PROVIDE (__end_data_RAM2 = .)
                [!provide]                        PROVIDE (__end_data_SRAMX = .)

.data_RAM3      0x20060000        0x0 load address 0x0000207c
 FILL mask 0xff
                [!provide]                        PROVIDE (__start_data_RAM3 = .)
                [!provide]                        PROVIDE (__start_data_SRAMH = .)
 *(SORT_BY_ALIGNMENT(.ramfunc.$RAM3))
 *(SORT_BY_ALIGNMENT(.ramfunc.$SRAMH))
 *(SORT_BY_ALIGNMENT(.data.$RAM3))
 *(SORT_BY_ALIGNMENT(.data.$SRAMH))
 *(SORT_BY_ALIGNMENT(.data.$RAM3.*))
 *(SORT_BY_ALIGNMENT(.data.$SRAMH.*))
                0x20060000                        . = ALIGN (0x4)
                [!provide]                        PROVIDE (__end_data_RAM3 = .)
                [!provide]                        PROVIDE (__end_data_SRAMH = .)

.data_RAM4      0x400ba000        0x0 load address 0x0000207c
 FILL mask 0xff
                [!provide]                        PROVIDE (__start_data_RAM4 = .)
                [!provide]                        PROVIDE (__start_data_USB_RAM = .)
 *(SORT_BY_ALIGNMENT(.ramfunc.$RAM4))
 *(SORT_BY_ALIGNMENT(.ramfunc.$USB_RAM))
 *(SORT_BY_ALIGNMENT(.data.$RAM4))
 *(SORT_BY_ALIGNMENT(.data.$USB_RAM))
 *(SORT_BY_ALIGNMENT(.data.$RAM4.*))
 *(SORT_BY_ALIGNMENT(.data.$USB_RAM.*))
                0x400ba000                        . = ALIGN (0x4)
                [!provide]                        PROVIDE (__end_data_RAM4 = .)
                [!provide]                        PROVIDE (__end_data_USB_RAM = .)

.uninit_RESERVED
                0x20000000        0x0
                0x20000000                        _start_uninit_RESERVED = .
 *(SORT_BY_ALIGNMENT(.bss.$RESERVED*))
                0x20000000                        . = ALIGN (0x4)
                0x20000000                        _end_uninit_RESERVED = .

.data           0x20000000        0x4 load address 0x0000207c
 FILL mask 0xff
                0x20000000                        _data = .
                [!provide]                        PROVIDE (__start_data_RAM = .)
                [!provide]                        PROVIDE (__start_data_SRAM = .)
 *(SORT_BY_ALIGNMENT(vtable))
 *(SORT_BY_ALIGNMENT(.ramfunc*))
 *(SORT_BY_ALIGNMENT(CodeQuickAccess))
 *(SORT_BY_ALIGNMENT(DataQuickAccess))
 *(SORT_BY_ALIGNMENT(RamFunction))
 *(SORT_BY_ALIGNMENT(.data*))
 .data.SystemCoreClock
                0x20000000        0x4 ./device/system_MCXN947_cm33_core0.o
                0x20000000                SystemCoreClock
                0x20000004                        . = ALIGN (0x4)
                0x20000004                        _edata = .
                [!provide]                        PROVIDE (__end_data_RAM = .)
                [!provide]                        PROVIDE (__end_data_SRAM = .)

.igot.plt       0x20000004        0x0 load address 0x00002080
 .igot.plt      0x20000004        0x0 ./utilities/debug_console_lite/fsl_debug_console.o

.bss_RAM2       0x04000000        0x0
                [!provide]                        PROVIDE (__start_bss_RAM2 = .)
                [!provide]                        PROVIDE (__start_bss_SRAMX = .)
 *(SORT_BY_ALIGNMENT(.bss.$RAM2))
 *(SORT_BY_ALIGNMENT(.bss.$SRAMX))
 *(SORT_BY_ALIGNMENT(.bss.$RAM2.*))
 *(SORT_BY_ALIGNMENT(.bss.$SRAMX.*))
                0x04000000                        . = ALIGN ((. != 0x0)?0x4:0x1)
                [!provide]                        PROVIDE (__end_bss_RAM2 = .)
                [!provide]                        PROVIDE (__end_bss_SRAMX = .)

.bss_RAM3       0x20060000        0x0
                [!provide]                        PROVIDE (__start_bss_RAM3 = .)
                [!provide]                        PROVIDE (__start_bss_SRAMH = .)
 *(SORT_BY_ALIGNMENT(.bss.$RAM3))
 *(SORT_BY_ALIGNMENT(.bss.$SRAMH))
 *(SORT_BY_ALIGNMENT(.bss.$RAM3.*))
 *(SORT_BY_ALIGNMENT(.bss.$SRAMH.*))
                0x20060000                        . = ALIGN ((. != 0x0)?0x4:0x1)
                [!provide]                        PROVIDE (__end_bss_RAM3 = .)
                [!provide]                        PROVIDE (__end_bss_SRAMH = .)

.bss_RAM4       0x400ba000        0x0
                [!provide]                        PROVIDE (__start_bss_RAM4 = .)
                [!provide]                        PROVIDE (__start_bss_USB_RAM = .)
 *(SORT_BY_ALIGNMENT(.bss.$RAM4))
 *(SORT_BY_ALIGNMENT(.bss.$USB_RAM))
 *(SORT_BY_ALIGNMENT(.bss.$RAM4.*))
 *(SORT_BY_ALIGNMENT(.bss.$USB_RAM.*))
                0x400ba000                        . = ALIGN ((. != 0x0)?0x4:0x1)
                [!provide]                        PROVIDE (__end_bss_RAM4 = .)
                [!provide]                        PROVIDE (__end_bss_USB_RAM = .)

.bss            0x20000004      0x20c
                0x20000004                        _bss = .
                [!provide]                        PROVIDE (__start_bss_RAM = .)
                [!provide]                        PROVIDE (__start_bss_SRAM = .)
 *(SORT_BY_ALIGNMENT(.bss*))
 .bss.s_debugConsole
                0x20000004       0x14 ./utilities/debug_console_lite/fsl_debug_console.o
 .bss.s_lpflexcommIrqHandler
                0x20000018       0xa0 ./drivers/fsl_lpflexcomm.o
 .bss.s_lpflexcommHandle
                0x200000b8       0xa0 ./drivers/fsl_lpflexcomm.o
 .bss.errno     0x20000158        0x4 D:/nxp/MCUXpressoIDE_25.6.136/ide/plugins/com.nxp.mcuxpresso.tools.win32_25.6.0.202501151204/tools/bin/../lib/gcc/arm-none-eabi/14.2.1/../../../../arm-none-eabi/lib/thumb/v8-m.main+fp/hard\libcr_c.a(errno.o)
                0x20000158                errno
 .bss.__Ciob    0x2000015c       0xb4 D:/nxp/MCUXpressoIDE_25.6.136/ide/plugins/com.nxp.mcuxpresso.tools.win32_25.6.0.202501151204/tools/bin/../lib/gcc/arm-none-eabi/14.2.1/../../../../arm-none-eabi/lib/thumb/v8-m.main+fp/hard\libcr_nohost_nf.a(__ciob.o)
                0x2000015c                __Ciob
 *(SORT_BY_ALIGNMENT(COMMON))
                0x20000210                        . = ALIGN (0x4)
                0x20000210                        _ebss = .
                [!provide]                        PROVIDE (__end_bss_RAM = .)
                [!provide]                        PROVIDE (__end_bss_SRAM = .)
                [!provide]                        PROVIDE (end = .)

.noinit_RAM2    0x04000000        0x0
                [!provide]                        PROVIDE (__start_noinit_RAM2 = .)
                [!provide]                        PROVIDE (__start_noinit_SRAMX = .)
 *(SORT_BY_ALIGNMENT(.noinit.$RAM2))
 *(SORT_BY_ALIGNMENT(.noinit.$SRAMX))
 *(SORT_BY_ALIGNMENT(.noinit.$RAM2.*))
 *(SORT_BY_ALIGNMENT(.noinit.$SRAMX.*))
                0x04000000                        . = ALIGN (0x4)
                [!provide]                        PROVIDE (__end_noinit_RAM2 = .)
                [!provide]                        PROVIDE (__end_noinit_SRAMX = .)

.noinit_RAM3    0x20060000        0x0
                [!provide]                        PROVIDE (__start_noinit_RAM3 = .)
                [!provide]                        PROVIDE (__start_noinit_SRAMH = .)
 *(SORT_BY_ALIGNMENT(.noinit.$RAM3))
 *(SORT_BY_ALIGNMENT(.noinit.$SRAMH))
 *(SORT_BY_ALIGNMENT(.noinit.$RAM3.*))
 *(SORT_BY_ALIGNMENT(.noinit.$SRAMH.*))
                0x20060000                        . = ALIGN (0x4)
                [!provide]                        PROVIDE (__end_noinit_RAM3 = .)
                [!provide]                        PROVIDE (__end_noinit_SRAMH = .)

.noinit_RAM4    0x400ba000        0x0
                [!provide]                        PROVIDE (__start_noinit_RAM4 = .)
                [!provide]                        PROVIDE (__start_noinit_USB_RAM = .)
 *(SORT_BY_ALIGNMENT(.noinit.$RAM4))
 *(SORT_BY_ALIGNMENT(.noinit.$USB_RAM))
 *(SORT_BY_ALIGNMENT(.noinit.$RAM4.*))
 *(SORT_BY_ALIGNMENT(.noinit.$USB_RAM.*))
                0x400ba000                        . = ALIGN (0x4)
                [!provide]                        PROVIDE (__end_noinit_RAM4 = .)
                [!provide]                        PROVIDE (__end_noinit_USB_RAM = .)

.noinit         0x20000210        0x0
                0x20000210                        _noinit = .
                [!provide]                        PROVIDE (__start_noinit_RAM = .)
                [!provide]                        PROVIDE (__start_noinit_SRAM = .)
 *(SORT_BY_ALIGNMENT(.noinit*))
                0x20000210                        . = ALIGN (0x4)
                0x20000210                        _end_noinit = .
                [!provide]                        PROVIDE (__end_noinit_RAM = .)
                [!provide]                        PROVIDE (__end_noinit_SRAM = .)
                0x00001000                        _HeapSize = 0x1000

.heap           0x20000210     0x1000
                0x20000210                        _pvHeapStart = .
                0x20001210                        . = (. + _HeapSize)
 *fill*         0x20000210     0x1000 
                0x20001210                        . = ALIGN (0x4)
                0x20001210                        _pvHeapLimit = .
                0x00001000                        _StackSize = 0x1000

.heap2stackfill
                0x20001210     0x1000
                0x20002210                        . = (. + _StackSize)
 *fill*         0x20001210     0x1000 

.stack          0x2005f000        0x0
                0x2005f000                        _vStackBase = .
                0x2005f000                        . = ALIGN (0x4)
                0x20060000                        _vStackTop = (. + _StackSize)
                0x00000000                        _image_start = LOADADDR (.text)
                0x00002080                        _image_end = (LOADADDR (.data) + SIZEOF (.data))
                0x00002080                        _image_size = (_image_end - _image_start)
OUTPUT(frdmmcxn947_led_blinky_peripheral_cm33_core0.axf elf32-littlearm)
LOAD linker stubs

.debug_info     0x00000000    0x1570b
 .debug_info    0x00000000      0xd1e ./utilities/debug_console_lite/fsl_debug_console.o
 .debug_info    0x00000d1e      0x1c9 ./utilities/fsl_assert.o
 .debug_info    0x00000ee7       0x24 ./utilities/fsl_memcpy.o
 .debug_info    0x00000f0b     0x14b6 ./startup/startup_mcxn947_cm33_core0.o
 .debug_info    0x000023c1      0x2c1 ./source/led_blinky.o
 .debug_info    0x00002682       0x3c ./source/semihost_hardfault.o
 .debug_info    0x000026be     0x5211 ./drivers/fsl_clock.o
 .debug_info    0x000078cf     0x238b ./drivers/fsl_lpflexcomm.o
 .debug_info    0x00009c5a     0x1a73 ./drivers/fsl_spc.o
 .debug_info    0x0000b6cd     0x1970 ./device/system_MCXN947_cm33_core0.o
 .debug_info    0x0000d03d     0x27a6 ./board/clock_config.o
 .debug_info    0x0000f7e3     0x1e6f ./board/hardware_init.o
 .debug_info    0x00011652     0x173a ./board/pin_mux.o
 .debug_info    0x00012d8c       0x85 D:/nxp/MCUXpressoIDE_25.6.136/ide/plugins/com.nxp.mcuxpresso.tools.win32_25.6.0.202501151204/tools/bin/../lib/gcc/arm-none-eabi/14.2.1/../../../../arm-none-eabi/lib/thumb/v8-m.main+fp/hard\libcr_nohost_nf.a(_cr__main.o)
 .debug_info    0x00012e11       0xfc D:/nxp/MCUXpressoIDE_25.6.136/ide/plugins/com.nxp.mcuxpresso.tools.win32_25.6.0.202501151204/tools/bin/../lib/gcc/arm-none-eabi/14.2.1/../../../../arm-none-eabi/lib/thumb/v8-m.main+fp/hard\libcr_c.a(memset.o)
 .debug_info    0x00012f0d      0x520 D:/nxp/MCUXpressoIDE_25.6.136/ide/plugins/com.nxp.mcuxpresso.tools.win32_25.6.0.202501151204/tools/bin/../lib/gcc/arm-none-eabi/14.2.1/../../../../arm-none-eabi/lib/thumb/v8-m.main+fp/hard\libcr_c.a(alloc.o)
 .debug_info    0x0001342d       0x44 D:/nxp/MCUXpressoIDE_25.6.136/ide/plugins/com.nxp.mcuxpresso.tools.win32_25.6.0.202501151204/tools/bin/../lib/gcc/arm-none-eabi/14.2.1/../../../../arm-none-eabi/lib/thumb/v8-m.main+fp/hard\libcr_c.a(errno.o)
 .debug_info    0x00013471      0x339 D:/nxp/MCUXpressoIDE_25.6.136/ide/plugins/com.nxp.mcuxpresso.tools.win32_25.6.0.202501151204/tools/bin/../lib/gcc/arm-none-eabi/14.2.1/../../../../arm-none-eabi/lib/thumb/v8-m.main+fp/hard\libcr_c.a(initio.o)
 .debug_info    0x000137aa      0x1fd D:/nxp/MCUXpressoIDE_25.6.136/ide/plugins/com.nxp.mcuxpresso.tools.win32_25.6.0.202501151204/tools/bin/../lib/gcc/arm-none-eabi/14.2.1/../../../../arm-none-eabi/lib/thumb/v8-m.main+fp/hard\libcr_c.a(setvbuf.o)
 .debug_info    0x000139a7       0xe1 D:/nxp/MCUXpressoIDE_25.6.136/ide/plugins/com.nxp.mcuxpresso.tools.win32_25.6.0.202501151204/tools/bin/../lib/gcc/arm-none-eabi/14.2.1/../../../../arm-none-eabi/lib/thumb/v8-m.main+fp/hard\libcr_c.a(strlen.o)
 .debug_info    0x00013a88      0x396 D:/nxp/MCUXpressoIDE_25.6.136/ide/plugins/com.nxp.mcuxpresso.tools.win32_25.6.0.202501151204/tools/bin/../lib/gcc/arm-none-eabi/14.2.1/../../../../arm-none-eabi/lib/thumb/v8-m.main+fp/hard\libcr_c.a(_deferredlazyseek.o)
 .debug_info    0x00013e1e      0x24b D:/nxp/MCUXpressoIDE_25.6.136/ide/plugins/com.nxp.mcuxpresso.tools.win32_25.6.0.202501151204/tools/bin/../lib/gcc/arm-none-eabi/14.2.1/../../../../arm-none-eabi/lib/thumb/v8-m.main+fp/hard\libcr_c.a(_fdopen.o)
 .debug_info    0x00014069      0x1e3 D:/nxp/MCUXpressoIDE_25.6.136/ide/plugins/com.nxp.mcuxpresso.tools.win32_25.6.0.202501151204/tools/bin/../lib/gcc/arm-none-eabi/14.2.1/../../../../arm-none-eabi/lib/thumb/v8-m.main+fp/hard\libcr_c.a(_fflush.o)
 .debug_info    0x0001424c      0x289 D:/nxp/MCUXpressoIDE_25.6.136/ide/plugins/com.nxp.mcuxpresso.tools.win32_25.6.0.202501151204/tools/bin/../lib/gcc/arm-none-eabi/14.2.1/../../../../arm-none-eabi/lib/thumb/v8-m.main+fp/hard\libcr_c.a(_writebuf.o)
 .debug_info    0x000144d5      0x31e D:/nxp/MCUXpressoIDE_25.6.136/ide/plugins/com.nxp.mcuxpresso.tools.win32_25.6.0.202501151204/tools/bin/../lib/gcc/arm-none-eabi/14.2.1/../../../../arm-none-eabi/lib/thumb/v8-m.main+fp/hard\libcr_c.a(fclose.o)
 .debug_info    0x000147f3      0x209 D:/nxp/MCUXpressoIDE_25.6.136/ide/plugins/com.nxp.mcuxpresso.tools.win32_25.6.0.202501151204/tools/bin/../lib/gcc/arm-none-eabi/14.2.1/../../../../arm-none-eabi/lib/thumb/v8-m.main+fp/hard\libcr_c.a(fflush.o)
 .debug_info    0x000149fc      0x276 D:/nxp/MCUXpressoIDE_25.6.136/ide/plugins/com.nxp.mcuxpresso.tools.win32_25.6.0.202501151204/tools/bin/../lib/gcc/arm-none-eabi/14.2.1/../../../../arm-none-eabi/lib/thumb/v8-m.main+fp/hard\libcr_c.a(fseek.o)
 .debug_info    0x00014c72      0x197 D:/nxp/MCUXpressoIDE_25.6.136/ide/plugins/com.nxp.mcuxpresso.tools.win32_25.6.0.202501151204/tools/bin/../lib/gcc/arm-none-eabi/14.2.1/../../../../arm-none-eabi/lib/thumb/v8-m.main+fp/hard\libcr_c.a(ftell.o)
 .debug_info    0x00014e09      0x1d7 D:/nxp/MCUXpressoIDE_25.6.136/ide/plugins/com.nxp.mcuxpresso.tools.win32_25.6.0.202501151204/tools/bin/../lib/gcc/arm-none-eabi/14.2.1/../../../../arm-none-eabi/lib/thumb/v8-m.main+fp/hard\libcr_c.a(remove.o)
 .debug_info    0x00014fe0      0x23a D:/nxp/MCUXpressoIDE_25.6.136/ide/plugins/com.nxp.mcuxpresso.tools.win32_25.6.0.202501151204/tools/bin/../lib/gcc/arm-none-eabi/14.2.1/../../../../arm-none-eabi/lib/thumb/v8-m.main+fp/hard\libcr_c.a(_do_fflush.o)
 .debug_info    0x0001521a      0x18b D:/nxp/MCUXpressoIDE_25.6.136/ide/plugins/com.nxp.mcuxpresso.tools.win32_25.6.0.202501151204/tools/bin/../lib/gcc/arm-none-eabi/14.2.1/../../../../arm-none-eabi/lib/thumb/v8-m.main+fp/hard\libcr_nohost_nf.a(__ciob.o)
 .debug_info    0x000153a5       0x6a D:/nxp/MCUXpressoIDE_25.6.136/ide/plugins/com.nxp.mcuxpresso.tools.win32_25.6.0.202501151204/tools/bin/../lib/gcc/arm-none-eabi/14.2.1/../../../../arm-none-eabi/lib/thumb/v8-m.main+fp/hard\libcr_nohost_nf.a(__sys_close.o)
 .debug_info    0x0001540f       0x6a D:/nxp/MCUXpressoIDE_25.6.136/ide/plugins/com.nxp.mcuxpresso.tools.win32_25.6.0.202501151204/tools/bin/../lib/gcc/arm-none-eabi/14.2.1/../../../../arm-none-eabi/lib/thumb/v8-m.main+fp/hard\libcr_nohost_nf.a(__sys_flen.o)
 .debug_info    0x00015479       0x6a D:/nxp/MCUXpressoIDE_25.6.136/ide/plugins/com.nxp.mcuxpresso.tools.win32_25.6.0.202501151204/tools/bin/../lib/gcc/arm-none-eabi/14.2.1/../../../../arm-none-eabi/lib/thumb/v8-m.main+fp/hard\libcr_nohost_nf.a(__sys_istty.o)
 .debug_info    0x000154e3       0x8a D:/nxp/MCUXpressoIDE_25.6.136/ide/plugins/com.nxp.mcuxpresso.tools.win32_25.6.0.202501151204/tools/bin/../lib/gcc/arm-none-eabi/14.2.1/../../../../arm-none-eabi/lib/thumb/v8-m.main+fp/hard\libcr_nohost_nf.a(__sys_remove.o)
 .debug_info    0x0001556d       0x78 D:/nxp/MCUXpressoIDE_25.6.136/ide/plugins/com.nxp.mcuxpresso.tools.win32_25.6.0.202501151204/tools/bin/../lib/gcc/arm-none-eabi/14.2.1/../../../../arm-none-eabi/lib/thumb/v8-m.main+fp/hard\libcr_nohost_nf.a(__sys_seek.o)
 .debug_info    0x000155e5       0x93 D:/nxp/MCUXpressoIDE_25.6.136/ide/plugins/com.nxp.mcuxpresso.tools.win32_25.6.0.202501151204/tools/bin/../lib/gcc/arm-none-eabi/14.2.1/../../../../arm-none-eabi/lib/thumb/v8-m.main+fp/hard\libcr_nohost_nf.a(__sys_tmpnam.o)
 .debug_info    0x00015678       0x93 D:/nxp/MCUXpressoIDE_25.6.136/ide/plugins/com.nxp.mcuxpresso.tools.win32_25.6.0.202501151204/tools/bin/../lib/gcc/arm-none-eabi/14.2.1/../../../../arm-none-eabi/lib/thumb/v8-m.main+fp/hard\libcr_nohost_nf.a(__sys_write.o)

.debug_abbrev   0x00000000     0x2e51
 .debug_abbrev  0x00000000      0x256 ./utilities/debug_console_lite/fsl_debug_console.o
 .debug_abbrev  0x00000256      0x114 ./utilities/fsl_assert.o
 .debug_abbrev  0x0000036a       0x14 ./utilities/fsl_memcpy.o
 .debug_abbrev  0x0000037e      0x147 ./startup/startup_mcxn947_cm33_core0.o
 .debug_abbrev  0x000004c5      0x11b ./source/led_blinky.o
 .debug_abbrev  0x000005e0       0x31 ./source/semihost_hardfault.o
 .debug_abbrev  0x00000611      0x36b ./drivers/fsl_clock.o
 .debug_abbrev  0x0000097c      0x363 ./drivers/fsl_lpflexcomm.o
 .debug_abbrev  0x00000cdf      0x2eb ./drivers/fsl_spc.o
 .debug_abbrev  0x00000fca      0x1e1 ./device/system_MCXN947_cm33_core0.o
 .debug_abbrev  0x000011ab      0x263 ./board/clock_config.o
 .debug_abbrev  0x0000140e      0x225 ./board/hardware_init.o
 .debug_abbrev  0x00001633      0x26f ./board/pin_mux.o
 .debug_abbrev  0x000018a2       0x70 D:/nxp/MCUXpressoIDE_25.6.136/ide/plugins/com.nxp.mcuxpresso.tools.win32_25.6.0.202501151204/tools/bin/../lib/gcc/arm-none-eabi/14.2.1/../../../../arm-none-eabi/lib/thumb/v8-m.main+fp/hard\libcr_nohost_nf.a(_cr__main.o)
 .debug_abbrev  0x00001912       0xa8 D:/nxp/MCUXpressoIDE_25.6.136/ide/plugins/com.nxp.mcuxpresso.tools.win32_25.6.0.202501151204/tools/bin/../lib/gcc/arm-none-eabi/14.2.1/../../../../arm-none-eabi/lib/thumb/v8-m.main+fp/hard\libcr_c.a(memset.o)
 .debug_abbrev  0x000019ba      0x284 D:/nxp/MCUXpressoIDE_25.6.136/ide/plugins/com.nxp.mcuxpresso.tools.win32_25.6.0.202501151204/tools/bin/../lib/gcc/arm-none-eabi/14.2.1/../../../../arm-none-eabi/lib/thumb/v8-m.main+fp/hard\libcr_c.a(alloc.o)
 .debug_abbrev  0x00001c3e       0x44 D:/nxp/MCUXpressoIDE_25.6.136/ide/plugins/com.nxp.mcuxpresso.tools.win32_25.6.0.202501151204/tools/bin/../lib/gcc/arm-none-eabi/14.2.1/../../../../arm-none-eabi/lib/thumb/v8-m.main+fp/hard\libcr_c.a(errno.o)
 .debug_abbrev  0x00001c82      0x169 D:/nxp/MCUXpressoIDE_25.6.136/ide/plugins/com.nxp.mcuxpresso.tools.win32_25.6.0.202501151204/tools/bin/../lib/gcc/arm-none-eabi/14.2.1/../../../../arm-none-eabi/lib/thumb/v8-m.main+fp/hard\libcr_c.a(initio.o)
 .debug_abbrev  0x00001deb       0xe1 D:/nxp/MCUXpressoIDE_25.6.136/ide/plugins/com.nxp.mcuxpresso.tools.win32_25.6.0.202501151204/tools/bin/../lib/gcc/arm-none-eabi/14.2.1/../../../../arm-none-eabi/lib/thumb/v8-m.main+fp/hard\libcr_c.a(setvbuf.o)
 .debug_abbrev  0x00001ecc       0xa7 D:/nxp/MCUXpressoIDE_25.6.136/ide/plugins/com.nxp.mcuxpresso.tools.win32_25.6.0.202501151204/tools/bin/../lib/gcc/arm-none-eabi/14.2.1/../../../../arm-none-eabi/lib/thumb/v8-m.main+fp/hard\libcr_c.a(strlen.o)
 .debug_abbrev  0x00001f73      0x18e D:/nxp/MCUXpressoIDE_25.6.136/ide/plugins/com.nxp.mcuxpresso.tools.win32_25.6.0.202501151204/tools/bin/../lib/gcc/arm-none-eabi/14.2.1/../../../../arm-none-eabi/lib/thumb/v8-m.main+fp/hard\libcr_c.a(_deferredlazyseek.o)
 .debug_abbrev  0x00002101      0x119 D:/nxp/MCUXpressoIDE_25.6.136/ide/plugins/com.nxp.mcuxpresso.tools.win32_25.6.0.202501151204/tools/bin/../lib/gcc/arm-none-eabi/14.2.1/../../../../arm-none-eabi/lib/thumb/v8-m.main+fp/hard\libcr_c.a(_fdopen.o)
 .debug_abbrev  0x0000221a       0xf1 D:/nxp/MCUXpressoIDE_25.6.136/ide/plugins/com.nxp.mcuxpresso.tools.win32_25.6.0.202501151204/tools/bin/../lib/gcc/arm-none-eabi/14.2.1/../../../../arm-none-eabi/lib/thumb/v8-m.main+fp/hard\libcr_c.a(_fflush.o)
 .debug_abbrev  0x0000230b      0x126 D:/nxp/MCUXpressoIDE_25.6.136/ide/plugins/com.nxp.mcuxpresso.tools.win32_25.6.0.202501151204/tools/bin/../lib/gcc/arm-none-eabi/14.2.1/../../../../arm-none-eabi/lib/thumb/v8-m.main+fp/hard\libcr_c.a(_writebuf.o)
 .debug_abbrev  0x00002431      0x158 D:/nxp/MCUXpressoIDE_25.6.136/ide/plugins/com.nxp.mcuxpresso.tools.win32_25.6.0.202501151204/tools/bin/../lib/gcc/arm-none-eabi/14.2.1/../../../../arm-none-eabi/lib/thumb/v8-m.main+fp/hard\libcr_c.a(fclose.o)
 .debug_abbrev  0x00002589      0x125 D:/nxp/MCUXpressoIDE_25.6.136/ide/plugins/com.nxp.mcuxpresso.tools.win32_25.6.0.202501151204/tools/bin/../lib/gcc/arm-none-eabi/14.2.1/../../../../arm-none-eabi/lib/thumb/v8-m.main+fp/hard\libcr_c.a(fflush.o)
 .debug_abbrev  0x000026ae      0x11b D:/nxp/MCUXpressoIDE_25.6.136/ide/plugins/com.nxp.mcuxpresso.tools.win32_25.6.0.202501151204/tools/bin/../lib/gcc/arm-none-eabi/14.2.1/../../../../arm-none-eabi/lib/thumb/v8-m.main+fp/hard\libcr_c.a(fseek.o)
 .debug_abbrev  0x000027c9       0xc2 D:/nxp/MCUXpressoIDE_25.6.136/ide/plugins/com.nxp.mcuxpresso.tools.win32_25.6.0.202501151204/tools/bin/../lib/gcc/arm-none-eabi/14.2.1/../../../../arm-none-eabi/lib/thumb/v8-m.main+fp/hard\libcr_c.a(ftell.o)
 .debug_abbrev  0x0000288b       0xfb D:/nxp/MCUXpressoIDE_25.6.136/ide/plugins/com.nxp.mcuxpresso.tools.win32_25.6.0.202501151204/tools/bin/../lib/gcc/arm-none-eabi/14.2.1/../../../../arm-none-eabi/lib/thumb/v8-m.main+fp/hard\libcr_c.a(remove.o)
 .debug_abbrev  0x00002986      0x12c D:/nxp/MCUXpressoIDE_25.6.136/ide/plugins/com.nxp.mcuxpresso.tools.win32_25.6.0.202501151204/tools/bin/../lib/gcc/arm-none-eabi/14.2.1/../../../../arm-none-eabi/lib/thumb/v8-m.main+fp/hard\libcr_c.a(_do_fflush.o)
 .debug_abbrev  0x00002ab2       0xb5 D:/nxp/MCUXpressoIDE_25.6.136/ide/plugins/com.nxp.mcuxpresso.tools.win32_25.6.0.202501151204/tools/bin/../lib/gcc/arm-none-eabi/14.2.1/../../../../arm-none-eabi/lib/thumb/v8-m.main+fp/hard\libcr_nohost_nf.a(__ciob.o)
 .debug_abbrev  0x00002b67       0x5c D:/nxp/MCUXpressoIDE_25.6.136/ide/plugins/com.nxp.mcuxpresso.tools.win32_25.6.0.202501151204/tools/bin/../lib/gcc/arm-none-eabi/14.2.1/../../../../arm-none-eabi/lib/thumb/v8-m.main+fp/hard\libcr_nohost_nf.a(__sys_close.o)
 .debug_abbrev  0x00002bc3       0x5c D:/nxp/MCUXpressoIDE_25.6.136/ide/plugins/com.nxp.mcuxpresso.tools.win32_25.6.0.202501151204/tools/bin/../lib/gcc/arm-none-eabi/14.2.1/../../../../arm-none-eabi/lib/thumb/v8-m.main+fp/hard\libcr_nohost_nf.a(__sys_flen.o)
 .debug_abbrev  0x00002c1f       0x5c D:/nxp/MCUXpressoIDE_25.6.136/ide/plugins/com.nxp.mcuxpresso.tools.win32_25.6.0.202501151204/tools/bin/../lib/gcc/arm-none-eabi/14.2.1/../../../../arm-none-eabi/lib/thumb/v8-m.main+fp/hard\libcr_nohost_nf.a(__sys_istty.o)
 .debug_abbrev  0x00002c7b       0x7d D:/nxp/MCUXpressoIDE_25.6.136/ide/plugins/com.nxp.mcuxpresso.tools.win32_25.6.0.202501151204/tools/bin/../lib/gcc/arm-none-eabi/14.2.1/../../../../arm-none-eabi/lib/thumb/v8-m.main+fp/hard\libcr_nohost_nf.a(__sys_remove.o)
 .debug_abbrev  0x00002cf8       0x6d D:/nxp/MCUXpressoIDE_25.6.136/ide/plugins/com.nxp.mcuxpresso.tools.win32_25.6.0.202501151204/tools/bin/../lib/gcc/arm-none-eabi/14.2.1/../../../../arm-none-eabi/lib/thumb/v8-m.main+fp/hard\libcr_nohost_nf.a(__sys_seek.o)
 .debug_abbrev  0x00002d65       0x76 D:/nxp/MCUXpressoIDE_25.6.136/ide/plugins/com.nxp.mcuxpresso.tools.win32_25.6.0.202501151204/tools/bin/../lib/gcc/arm-none-eabi/14.2.1/../../../../arm-none-eabi/lib/thumb/v8-m.main+fp/hard\libcr_nohost_nf.a(__sys_tmpnam.o)
 .debug_abbrev  0x00002ddb       0x76 D:/nxp/MCUXpressoIDE_25.6.136/ide/plugins/com.nxp.mcuxpresso.tools.win32_25.6.0.202501151204/tools/bin/../lib/gcc/arm-none-eabi/14.2.1/../../../../arm-none-eabi/lib/thumb/v8-m.main+fp/hard\libcr_nohost_nf.a(__sys_write.o)

.debug_aranges  0x00000000     0x10b0
 .debug_aranges
                0x00000000       0x78 ./utilities/debug_console_lite/fsl_debug_console.o
 .debug_aranges
                0x00000078       0x28 ./utilities/fsl_assert.o
 .debug_aranges
                0x000000a0       0x20 ./utilities/fsl_memcpy.o
 .debug_aranges
                0x000000c0      0x568 ./startup/startup_mcxn947_cm33_core0.o
 .debug_aranges
                0x00000628       0x30 ./source/led_blinky.o
 .debug_aranges
                0x00000658       0x20 ./source/semihost_hardfault.o
 .debug_aranges
                0x00000678      0x348 ./drivers/fsl_clock.o
 .debug_aranges
                0x000009c0       0xc0 ./drivers/fsl_lpflexcomm.o
 .debug_aranges
                0x00000a80      0x1f0 ./drivers/fsl_spc.o
 .debug_aranges
                0x00000c70       0x30 ./device/system_MCXN947_cm33_core0.o
 .debug_aranges
                0x00000ca0       0x50 ./board/clock_config.o
 .debug_aranges
                0x00000cf0       0x40 ./board/hardware_init.o
 .debug_aranges
                0x00000d30       0x38 ./board/pin_mux.o
 .debug_aranges
                0x00000d68       0x20 D:/nxp/MCUXpressoIDE_25.6.136/ide/plugins/com.nxp.mcuxpresso.tools.win32_25.6.0.202501151204/tools/bin/../lib/gcc/arm-none-eabi/14.2.1/../../../../arm-none-eabi/lib/thumb/v8-m.main+fp/hard\libcr_nohost_nf.a(_cr__main.o)
 .debug_aranges
                0x00000d88       0x20 D:/nxp/MCUXpressoIDE_25.6.136/ide/plugins/com.nxp.mcuxpresso.tools.win32_25.6.0.202501151204/tools/bin/../lib/gcc/arm-none-eabi/14.2.1/../../../../arm-none-eabi/lib/thumb/v8-m.main+fp/hard\libcr_c.a(memset.o)
 .debug_aranges
                0x00000da8       0x40 D:/nxp/MCUXpressoIDE_25.6.136/ide/plugins/com.nxp.mcuxpresso.tools.win32_25.6.0.202501151204/tools/bin/../lib/gcc/arm-none-eabi/14.2.1/../../../../arm-none-eabi/lib/thumb/v8-m.main+fp/hard\libcr_c.a(alloc.o)
 .debug_aranges
                0x00000de8       0x18 D:/nxp/MCUXpressoIDE_25.6.136/ide/plugins/com.nxp.mcuxpresso.tools.win32_25.6.0.202501151204/tools/bin/../lib/gcc/arm-none-eabi/14.2.1/../../../../arm-none-eabi/lib/thumb/v8-m.main+fp/hard\libcr_c.a(errno.o)
 .debug_aranges
                0x00000e00       0x28 D:/nxp/MCUXpressoIDE_25.6.136/ide/plugins/com.nxp.mcuxpresso.tools.win32_25.6.0.202501151204/tools/bin/../lib/gcc/arm-none-eabi/14.2.1/../../../../arm-none-eabi/lib/thumb/v8-m.main+fp/hard\libcr_c.a(initio.o)
 .debug_aranges
                0x00000e28       0x20 D:/nxp/MCUXpressoIDE_25.6.136/ide/plugins/com.nxp.mcuxpresso.tools.win32_25.6.0.202501151204/tools/bin/../lib/gcc/arm-none-eabi/14.2.1/../../../../arm-none-eabi/lib/thumb/v8-m.main+fp/hard\libcr_c.a(setvbuf.o)
 .debug_aranges
                0x00000e48       0x20 D:/nxp/MCUXpressoIDE_25.6.136/ide/plugins/com.nxp.mcuxpresso.tools.win32_25.6.0.202501151204/tools/bin/../lib/gcc/arm-none-eabi/14.2.1/../../../../arm-none-eabi/lib/thumb/v8-m.main+fp/hard\libcr_c.a(strlen.o)
 .debug_aranges
                0x00000e68       0x28 D:/nxp/MCUXpressoIDE_25.6.136/ide/plugins/com.nxp.mcuxpresso.tools.win32_25.6.0.202501151204/tools/bin/../lib/gcc/arm-none-eabi/14.2.1/../../../../arm-none-eabi/lib/thumb/v8-m.main+fp/hard\libcr_c.a(_deferredlazyseek.o)
 .debug_aranges
                0x00000e90       0x20 D:/nxp/MCUXpressoIDE_25.6.136/ide/plugins/com.nxp.mcuxpresso.tools.win32_25.6.0.202501151204/tools/bin/../lib/gcc/arm-none-eabi/14.2.1/../../../../arm-none-eabi/lib/thumb/v8-m.main+fp/hard\libcr_c.a(_fdopen.o)
 .debug_aranges
                0x00000eb0       0x20 D:/nxp/MCUXpressoIDE_25.6.136/ide/plugins/com.nxp.mcuxpresso.tools.win32_25.6.0.202501151204/tools/bin/../lib/gcc/arm-none-eabi/14.2.1/../../../../arm-none-eabi/lib/thumb/v8-m.main+fp/hard\libcr_c.a(_fflush.o)
 .debug_aranges
                0x00000ed0       0x20 D:/nxp/MCUXpressoIDE_25.6.136/ide/plugins/com.nxp.mcuxpresso.tools.win32_25.6.0.202501151204/tools/bin/../lib/gcc/arm-none-eabi/14.2.1/../../../../arm-none-eabi/lib/thumb/v8-m.main+fp/hard\libcr_c.a(_writebuf.o)
 .debug_aranges
                0x00000ef0       0x20 D:/nxp/MCUXpressoIDE_25.6.136/ide/plugins/com.nxp.mcuxpresso.tools.win32_25.6.0.202501151204/tools/bin/../lib/gcc/arm-none-eabi/14.2.1/../../../../arm-none-eabi/lib/thumb/v8-m.main+fp/hard\libcr_c.a(fclose.o)
 .debug_aranges
                0x00000f10       0x20 D:/nxp/MCUXpressoIDE_25.6.136/ide/plugins/com.nxp.mcuxpresso.tools.win32_25.6.0.202501151204/tools/bin/../lib/gcc/arm-none-eabi/14.2.1/../../../../arm-none-eabi/lib/thumb/v8-m.main+fp/hard\libcr_c.a(fflush.o)
 .debug_aranges
                0x00000f30       0x20 D:/nxp/MCUXpressoIDE_25.6.136/ide/plugins/com.nxp.mcuxpresso.tools.win32_25.6.0.202501151204/tools/bin/../lib/gcc/arm-none-eabi/14.2.1/../../../../arm-none-eabi/lib/thumb/v8-m.main+fp/hard\libcr_c.a(fseek.o)
 .debug_aranges
                0x00000f50       0x20 D:/nxp/MCUXpressoIDE_25.6.136/ide/plugins/com.nxp.mcuxpresso.tools.win32_25.6.0.202501151204/tools/bin/../lib/gcc/arm-none-eabi/14.2.1/../../../../arm-none-eabi/lib/thumb/v8-m.main+fp/hard\libcr_c.a(ftell.o)
 .debug_aranges
                0x00000f70       0x28 D:/nxp/MCUXpressoIDE_25.6.136/ide/plugins/com.nxp.mcuxpresso.tools.win32_25.6.0.202501151204/tools/bin/../lib/gcc/arm-none-eabi/14.2.1/../../../../arm-none-eabi/lib/thumb/v8-m.main+fp/hard\libcr_c.a(remove.o)
 .debug_aranges
                0x00000f98       0x20 D:/nxp/MCUXpressoIDE_25.6.136/ide/plugins/com.nxp.mcuxpresso.tools.win32_25.6.0.202501151204/tools/bin/../lib/gcc/arm-none-eabi/14.2.1/../../../../arm-none-eabi/lib/thumb/v8-m.main+fp/hard\libcr_c.a(_do_fflush.o)
 .debug_aranges
                0x00000fb8       0x18 D:/nxp/MCUXpressoIDE_25.6.136/ide/plugins/com.nxp.mcuxpresso.tools.win32_25.6.0.202501151204/tools/bin/../lib/gcc/arm-none-eabi/14.2.1/../../../../arm-none-eabi/lib/thumb/v8-m.main+fp/hard\libcr_nohost_nf.a(__ciob.o)
 .debug_aranges
                0x00000fd0       0x20 D:/nxp/MCUXpressoIDE_25.6.136/ide/plugins/com.nxp.mcuxpresso.tools.win32_25.6.0.202501151204/tools/bin/../lib/gcc/arm-none-eabi/14.2.1/../../../../arm-none-eabi/lib/thumb/v8-m.main+fp/hard\libcr_nohost_nf.a(__sys_close.o)
 .debug_aranges
                0x00000ff0       0x20 D:/nxp/MCUXpressoIDE_25.6.136/ide/plugins/com.nxp.mcuxpresso.tools.win32_25.6.0.202501151204/tools/bin/../lib/gcc/arm-none-eabi/14.2.1/../../../../arm-none-eabi/lib/thumb/v8-m.main+fp/hard\libcr_nohost_nf.a(__sys_flen.o)
 .debug_aranges
                0x00001010       0x20 D:/nxp/MCUXpressoIDE_25.6.136/ide/plugins/com.nxp.mcuxpresso.tools.win32_25.6.0.202501151204/tools/bin/../lib/gcc/arm-none-eabi/14.2.1/../../../../arm-none-eabi/lib/thumb/v8-m.main+fp/hard\libcr_nohost_nf.a(__sys_istty.o)
 .debug_aranges
                0x00001030       0x20 D:/nxp/MCUXpressoIDE_25.6.136/ide/plugins/com.nxp.mcuxpresso.tools.win32_25.6.0.202501151204/tools/bin/../lib/gcc/arm-none-eabi/14.2.1/../../../../arm-none-eabi/lib/thumb/v8-m.main+fp/hard\libcr_nohost_nf.a(__sys_remove.o)
 .debug_aranges
                0x00001050       0x20 D:/nxp/MCUXpressoIDE_25.6.136/ide/plugins/com.nxp.mcuxpresso.tools.win32_25.6.0.202501151204/tools/bin/../lib/gcc/arm-none-eabi/14.2.1/../../../../arm-none-eabi/lib/thumb/v8-m.main+fp/hard\libcr_nohost_nf.a(__sys_seek.o)
 .debug_aranges
                0x00001070       0x20 D:/nxp/MCUXpressoIDE_25.6.136/ide/plugins/com.nxp.mcuxpresso.tools.win32_25.6.0.202501151204/tools/bin/../lib/gcc/arm-none-eabi/14.2.1/../../../../arm-none-eabi/lib/thumb/v8-m.main+fp/hard\libcr_nohost_nf.a(__sys_tmpnam.o)
 .debug_aranges
                0x00001090       0x20 D:/nxp/MCUXpressoIDE_25.6.136/ide/plugins/com.nxp.mcuxpresso.tools.win32_25.6.0.202501151204/tools/bin/../lib/gcc/arm-none-eabi/14.2.1/../../../../arm-none-eabi/lib/thumb/v8-m.main+fp/hard\libcr_nohost_nf.a(__sys_write.o)

.debug_ranges   0x00000000      0xe90
 .debug_ranges  0x00000000       0x68 ./utilities/debug_console_lite/fsl_debug_console.o
 .debug_ranges  0x00000068       0x18 ./utilities/fsl_assert.o
 .debug_ranges  0x00000080      0x558 ./startup/startup_mcxn947_cm33_core0.o
 .debug_ranges  0x000005d8       0x20 ./source/led_blinky.o
 .debug_ranges  0x000005f8       0x10 ./source/semihost_hardfault.o
 .debug_ranges  0x00000608      0x338 ./drivers/fsl_clock.o
 .debug_ranges  0x00000940       0xb0 ./drivers/fsl_lpflexcomm.o
 .debug_ranges  0x000009f0      0x1e0 ./drivers/fsl_spc.o
 .debug_ranges  0x00000bd0       0x20 ./device/system_MCXN947_cm33_core0.o
 .debug_ranges  0x00000bf0       0x40 ./board/clock_config.o
 .debug_ranges  0x00000c30       0x30 ./board/hardware_init.o
 .debug_ranges  0x00000c60       0x28 ./board/pin_mux.o